
start calc1
title untitled calculation

geometry units an noautoz nocenter noautosym
  C  0  0  0
  F  1.198  -0.444  0.53
  H  -0.214  0.987  0.398
  H  -0.786  -0.694  0.281
  H  0.091  0.045  -1.081
end

basis
  * library 6-31g**
end

dft
  xc b3lyp
end

  set dft:condfukui 1

task dft


