 argument  1 = c2h6-ri00.nwc
                                         
                                         


              Northwest Computational Chemistry Package (NWChem) 2.1
              ------------------------------------------------------


                    Environmental Molecular Sciences Laboratory
                       Pacific Northwest National Laboratory
                                Richland, WA 99352

                                         
                                         


                           COPYRIGHT (C) 1994, 1995, 1996,
                        Pacific Northwest National Laboratory,
                             Battelle Memorial Institute.

                            >>> All Rights Reserved <<<


                                    DISCLAIMER
                                    ----------

            This material was prepared as an account of work sponsored
            by an agency of the United States Government.  Neither the
            United States Government nor the United States Department
            of Energy, nor Battelle, nor any of their employees, MAKES
            ANY WARRANTY, EXPRESS OR IMPLIED, OR ASSUMES ANY LEGAL
            LIABILITY OR RESPONSIBILITY FOR THE ACCURACY, COMPLETENESS,
            OR USEFULNESS OF ANY INFORMATION, APPARATUS, PRODUCT,
            SOFTWARE, OR PROCESS DISCLOSED, OR REPRESENTS THAT ITS USE
            WOULD NOT INFRINGE PRIVATELY OWNED RIGHTS.


                                    LIMITED USE
                                    -----------

            This software (including any documentation) is being made
            available to you for your internal use only, solely for use
            in performance of work directly for the U.S. Federal
            Government or work under contracts with the U.S. Department
            of Energy or other U.S. Federal Government agencies.  This
            software is a version which has not yet been evaluated and
            cleared for commercialization.  Adherence to this notice
            may be necessary for the author, Battelle Memorial
            Institute, to successfully assert copyright in and
            commercialize this software. This software is not intended
            for duplication or distribution to third parties without
            the permission of the Manager of Software Products at
            Pacific Northwest National Laboratory, Richland,
            Washington, 99352.


                                  ACKNOWLEDGMENT
                                  --------------

            This software and its documentation were produced with
            Government support under Contract Number DE-AC06-76RLO-1830
            awarded by the United States Department of Energy.  The
            Government retains a paid-up non-exclusive, irrevocable
            worldwide license to reproduce, prepare derivative works,
            perform publicly and display publicly by or for the
            Government, including the right to distribute to other
            Government contractors.


              Job information
              ---------------

    hostname  = kopernik.npac.syr.edu
    program   = ../../bin/SGI_N32/nwchem
    date      = Wed Feb 12 14:48:06 1997
    compiled  = Wed Feb 12 14:42:34 EST 1997
    source    = /home/A6G/bernhold/nwchem-dev/ccsd/nwchem
    input     = c2h6-ri00.nwc
    prefix    = c2h6.
    data base = ./c2h6.db
    status    = restart
    nproc     =    1


            Memory information
            ------------------

    heap      =    1572865 doubles
    stack     =    1572865 doubles
    global    =    3145728 doubles (allocated separately from heap & stack)
    total     =    6291458 doubles
    verify    = yes
    hardfail  = no 




                                NWCHEM Input Module
                                -------------------


                      Basis "ri-mp2 basis" -> "" (cartesian)
                      -----
  C (Carbon)
  ----------
            Exponent  Coefficients 
       -------------- ---------------------------------------------------------
  1 S     6665.000000  0.000692

  2 S     1000.000000  0.005329

  3 S      228.000000  0.027077

  4 S       64.710000  0.101718

  5 S       21.060000  0.274740

  6 S        7.495000  0.448564

  7 S        2.797000  0.285074

  8 S        0.521500  0.015204

  9 S        0.159600 -0.003191

 10 P        9.439000  0.038109

 11 P        2.002000  0.209480

 12 P        0.545600  0.508557

 13 P        0.151700  0.468842

 14 D        0.550000  1.000000

  H (Hydrogen)
  ------------
            Exponent  Coefficients 
       -------------- ---------------------------------------------------------
  1 S       13.010000  0.019685

  2 S        1.962000  0.137977

  3 S        0.444600  0.478148

  4 S        0.122000  0.501240

  5 S        0.122000  1.000000

  6 P        0.727000  1.000000


 Read molecular orbitals from ./c2h6.movecs


 Read molecular orbitals from ./c2h6.movecs

                               NWCHEM RI-MP2 Energy
                               --------------------
                    C2H6, cc-pVDZ basis, SCF optimized geometry



          Nr. of AO basis functions:         60
     Nr. of fitting basis functions:        102
               Nr. of MO spin cases:          1
        Nr. of MOs to be correlated:         60
     Nr. of occupied MOs correlated:          9
      Nr. of virtual MOs correlated:         51

          RI integral approximation: 'V'
    Threshold for Schwarz screening:  1.000E-08
 Smallest eigenvalue retained in fit  1.000E-08
     Base file name for MO integrals 'mo3cint'
    Type of storage for MO integrals 'Fortran direct access files'

                 SCF reference file: './c2h6.movecs'
                SCF reference title: 'C2H6, cc-pVDZ basis, SCF optimized geometry'

 Setting small eigenvalue to infinity            1 -4.9274773957414606E-14
 Setting small eigenvalue to infinity            2 -1.3799235039744531E-15
 Setting small eigenvalue to infinity            3 -1.1308544999268326E-15
 Setting small eigenvalue to infinity            4 -3.7819632831330744E-16
 Setting small eigenvalue to infinity            5 -2.5489033116332448E-16
 Setting small eigenvalue to infinity            6  8.7638244435220262E-16
 Transformation block size    9, requiring     1 integral passes.
 XForm_3cInts: Completed     1:    9 pass. @Wed Feb 12 14:48:12 1997
 Energy evaluation using block sizes     9    9
 RIMP2_V_E2: Approx. ints. done (    1:    9,    1:    9) @Wed Feb 12 14:48:12 1997
 RIMP2_V_E2: Copy to B done (    1:    9,    1:    9) @Wed Feb 12 14:48:12 1997
 RIMP2_V_E2: Denominators done (    1:    9,    1:    9) @Wed Feb 12 14:48:12 1997
 RIMP2_V_E2: Completed block (    1:    9,    1:    9) @Wed Feb 12 14:48:12 1997
 -------------
 RI-MP2 energy
 -------------
 Reference energy:               -79.235115203882188
 Correlation energy:              -0.316312789369265
 Total RI-MP2 energy:            -79.551427993251451
 -----------------------
 Performance information
 -----------------------

 Timer overhead =  1.53D-05 seconds/call

                                   Nr. of calls                 CPU time (s)              Wall time (s)  
                             -------------------------      ---------------------      ---------------------
 Name                        Min        Avg        Max      Min      Avg      Max      Min      Avg      Max
 Overall                       1          1          1  5.5      5.5      5.5        6.1      6.1      6.1    
 3c integral xform.            1          1          1  3.4      3.4      3.4        3.8      3.8      3.8    
 Energy                        1          1          1 0.47     0.47     0.47       0.50     0.50     0.50    
 3c integral generati          1          1          1  3.2      3.2      3.2        3.2      3.2      3.2    
 First 2/3 xform.              3          3          3 8.07E-02 8.07E-02 8.07E-02   8.11E-02 8.11E-02 8.11E-02
 Final 1/3 xform.              1          1          1 5.13E-02 5.13E-02 5.13E-02   5.16E-02 5.16E-02 5.16E-02
 Write 3c integrals            1          1          1 4.97E-02 4.97E-02 4.97E-02   0.34     0.34     0.34    
 Read 3c integrals             1          1          1 4.93E-02 4.93E-02 4.93E-02   5.06E-02 5.06E-02 5.06E-02
 Fitting basis xform           1          1          1 0.24     0.24     0.24       0.25     0.25     0.25    
 Schwarz init                  1          1          1 0.18     0.18     0.18       0.18     0.18     0.18    
 Form 4ci                      1          1          1 0.24     0.24     0.24       0.25     0.25     0.25    
 Form A & B                    1          1          1 0.11     0.11     0.11       0.11     0.11     0.11    
 Denominators                  1          1          1 2.81E-02 2.81E-02 2.81E-02   2.92E-02 2.92E-02 2.92E-02
 Pair Energies                 1          1          1 2.34E-02 2.34E-02 2.34E-02   2.36E-02 2.36E-02 2.36E-02

 The average no. of pstat calls per process was 1.60D+01 with a timing overhead of 2.44D-04s



                                NWCHEM Input Module
                                -------------------



 Summary of allocated global arrays 
 ----------------------------------

   No active global arrays
  

                         GA Statistics for process    0
                         ------------------------------

       create   destroy   get      put      acc     scatter   gather  read&inc
calls:   16       16       70      338     4149        0        0        0     
bytes total:             3.34e+06 1.86e+06 2.31e+06 0.00e+00 0.00e+00 0.00e+00
bytes remote:            0.00e+00 0.00e+00 0.00e+00 0.00e+00 0.00e+00 0.00e+00
Max memory consumed for GA by this process: 3746088 bytes

MA_summarize_allocated_blocks: starting scan ...
MA_summarize_allocated_blocks: scan completed: 0 heap blocks, 0 stack blocks
MA usage statistics:

	allocation statistics:
					      heap	     stack
					      ----	     -----
	current number of blocks	         0	         0
	maximum number of blocks	        20	         9
	current total bytes		         0	         0
	maximum total bytes		   3280380	  17004060
	maximum total K-bytes		      3281	     17005
	maximum total M-bytes		         4	        18


 If you wish to cite NWChem in the references section of a
 publication, please use the following citation:

    High Performance Computational Chemistry Group, "NWChem,
    A Computational Chemistry Package for Parallel
    Computers, Version 2.1," (1996), Pacific Northwest
    National Laboratory, Richland, Washington 99352, USA.



 Total times  cpu:        5.9s     wall:        6.8s
