Job jaguar_batch_3 started on rufus at Thu Apr  7 17:04:52 2011
jobid: rufus-0-4d9de0a1

  +--------------------------------------------------------------------+
  |  Jaguar version 7.6, release 108                                   |
  |                                                                    |
  |  Copyright (c) 2009 Schrodinger,  LLC.                             |
  |  All Rights Reserved.                                              |
  |                                                                    |
  |  Use of this program should be acknowledged in publications as:    |
  |  Jaguar, version 7.6, Schrodinger, LLC, New York, NY, 2009.        |
  +--------------------------------------------------------------------+
   
  start of program pre
   
  Job name: jaguar_batch_3
  Executables used: /usr/glea/schrodinger2009/jaguar-v76108/bin/Linux-x86
  Temporary files : /scratch/jdt42/jaguar_batch_3
  Maestro file (input):  jaguar_batch_3.mae
  Maestro file (output): jaguar_batch_3.01.mae
  
  
  Dynamic memory assumed available (MB):    3711
  
  basis set:             6-31g**         
  net molecular charge:    0
  multiplicity:            1
  
  number of basis functions....          255
  
 Input geometry:
                                   angstroms
  atom               x                 y                 z
  C1           -2.7874000000      1.0093000000      0.0350000000 
  C2           -3.3765000000     -0.2605000000      0.0490000000 
  C3           -2.5560000000     -1.3983000000      0.0301000000 
  C4           -1.1494000000     -1.3068000000     -0.0098000000 
  C5           -0.5293000000     -0.0061000000     -0.0220000000 
  C6           -1.3897000000      1.1247000000      0.0119000000 
  O7           -0.5817000000     -2.5695000000     -0.0791000000 
  C8            0.8056000000     -2.8255000000     -0.0385000000 
  C9            0.9919000000      0.2119000000     -0.1324000000 
  C10           1.6752000000      1.4983000000      0.3996000000 
  N11           3.1063000000      1.2849000000      0.2175000000 
  C12           1.3493000000      2.8304000000     -0.3012000000 
  H13          -3.4084000000      1.8929000000      0.0419000000 
  H14          -4.4519000000     -0.3565000000      0.0742000000 
  H15          -2.9984000000     -2.3834000000      0.0462000000 
  H16          -0.9283000000      2.1011000000      0.0196000000 
  H17           0.9797000000     -3.8991000000     -0.1106000000 
  H18           1.2931000000     -2.3220000000     -0.8733000000 
  H19           1.2169000000     -2.4535000000      0.8999000000 
  H20           1.5130000000     -0.5811000000      0.4038000000 
  H21           1.2866000000      0.1949000000     -1.1817000000 
  H22           1.4499000000      1.6184000000      1.4593000000 
  H23           3.6125000000      2.0942000000      0.5476000000 
  H24           3.3951000000      0.4711000000      0.7413000000 
  H25           1.8999000000      3.6388000000      0.1799000000 
  H26           1.6375000000      2.7694000000     -1.3506000000 
  H27           0.2796000000      3.0270000000     -0.2295000000 
   
  principal moments of inertia:
        amu*angstrom^2:      404.10641      757.20638     1137.49244
                g*cm^2: 6.71034398E-38 1.25737062E-37 1.88885040E-37
   
  rotational constants:
               cm^(-1):     0.04171582     0.02226293     0.01481999
                   GHz:     1.25060874     0.66742571     0.44429219
   
  Molecular weight:     165.12 amu
   
  Stoichiometry: C10NH15O
  Molecular Point Group: C1      
  Point Group used: C1
  
  nuclear repulsion energy.......     696.390418608 hartrees
 
 Non-default options chosen:
   SCF calculation type: DFT(b3lyp)      
   DFT=Becke_3_Parameter/HF+Slater+Becke88+VWN+LYP (B3LYP)
   Atomic Fukui indices will be calculated
  
  end of program pre
   
   
  start of program onee
  smallest eigenvalue of S:    4.200E-04
  number of canonical orbitals.....          254
  end of program onee
   
   
  start of program hfig
  initial wavefunction generated automatically from atomic wavefunctions
 
  Irreducible     Total no   No of occupied orbitals 
  representation  orbitals   Shell_1  Shell_2    ...
  No Symm          254         45
  ------------------------
  Orbital occupation/shell    1.000
 
  end of program hfig
   
   
  start of program probe
  end of program probe
   
   
  start of program grid
  
   grid     grid set  grid #  grid sym
  ------    --------  ------  --------
  coarse        0        0        1
  medium        2        1        1
  fine          0        0        1
  ultrafine     4        2        1
  charge        0        0        1
  gradient      4        2        1
  density       0        0        1
  DFT-fine    -11        3        1
  DFT-med.    -10        4        1
  DFT-grad    -12        5        1
  DFT-der2      0        0        1
  DFT-cphf      0        0        1
  LMP2-enrg     4        2        1
  LMP2-grad     2        1        1
  DFT-cphf2     0        0        1
  
   
  number of gridpoints: 
     atom        C1       C2       C3       C4       C5       C6       O7
  grid # 1       97       97       97       99       98       97      117
  grid # 2      334      334      337      362      366      337      448
  grid # 3     4304     4304     4304     4304     4304     4304     4304
  grid # 4     1192     1192     1192     1192     1192     1192     1192
  grid # 5     5226     5226     5226     5226     5226     5226     5226
   
  number of gridpoints: 
     atom        C8       C9      C10      N11      C12      H13      H14
  grid # 1       76       85       89       96       77      118      118
  grid # 2      258      290      312      333      269      451      451
  grid # 3     4304     4304     4304     4304     4304     4304     4304
  grid # 4     1192     1192     1192     1192     1192     1192     1192
  grid # 5     5226     5226     5226     5226     5226     5226     5226
   
  number of gridpoints: 
     atom       H15      H16      H17      H18      H19      H20      H21
  grid # 1      118      105      113      108      107       96      106
  grid # 2      448      408      450      430      427      401      431
  grid # 3     4304     4304     4304     4304     4304     4304     4304
  grid # 4     1192     1192     1192     1192     1192     1192     1192
  grid # 5     5226     5226     5226     5226     5226     5226     5226
   
  number of gridpoints: 
     atom       H22      H23      H24      H25      H26      H27    total
  grid # 1      110      112      110      110      110       99     2765
  grid # 2      435      433      431      438      440      408    10462
  grid # 3     4304     4304     4304     4304     4304     4304   116208
  grid # 4     1192     1192     1192     1192     1192     1192    32184
  grid # 5     5226     5226     5226     5226     5226     5226   141102
   
  end of program grid
   
   
  start of program rwr
  end of program rwr
   
   
  start of program scf
 number of electrons..........         90
 number of alpha electrons....         45
 number of beta electrons.....         45
 number of orbitals, total....        254
 number of doubly-occ'd orbs..         45
 number of open shell orbs....          0
 number of occupied orbitals..         45
 number of virtual orbitals...        209
 number of hamiltonians.......          1
 number of shells.............          1
 SCF type: DFT=Becke_3_Parameter/HF+Slater+Becke88+VWN+LYP (B3LYP)
  
       i  u  d  i  g                   
       t  p  i  c  r                                 RMS    maximum
       e  d  i  u  i                       energy  density   DIIS  
       r  t  s  t  d       total energy    change  change    error 
  
etot   1  N  N  5  M    -518.39804537677           4.6E-03  8.6E-02
etot   2  Y  Y  6  M    -519.86071180651  1.5E+00  3.0E-03  3.1E-02
etot   3  Y  Y  6  M    -519.96433643150  1.0E-01  1.2E-03  5.3E-02
etot   4  N  Y  2  U    -520.03924854680  7.5E-02  7.8E-04  1.5E-02
etot   5  Y  Y  6  M    -520.05041526583  1.1E-02  5.0E-04  5.8E-03
etot   6  N  Y  2  U    -520.05087783101  4.6E-04  1.6E-04  2.2E-03
etot   7  Y  Y  6  M    -520.05107510653  2.0E-04  2.1E-05  3.8E-04
etot   8  N  N  2  U    -520.05108595570  1.1E-05  0.0E+00  0.0E+00
  
  
 Energy components, in hartrees:
   (A)  Nuclear repulsion............     696.39041860826
   (E)  Total one-electron terms.....   -2085.14356166400
   (I)  Total two-electron terms.....     868.70205710004
   (J)    Coulomb....................     944.11627700082
   (K)    Exchange+Correlation.......     -75.41421990077
   (L)  Electronic energy............   -1216.44150456396  (E+I)
   (N)  Total energy.................    -520.05108595570  (A+L)
  
 SCFE: SCF energy: DFT(b3lyp)      -520.05108595570 hartrees   iterations:   8
  
 
 HOMO energy:    -0.20742
 LUMO energy:     0.00460
 
  Orbital energies: 
  -19.16790  -14.30812  -10.24740  -10.23672  -10.21310  -10.20009
  -10.18650  -10.18225  -10.18206  -10.17731  -10.17691  -10.17284
   -1.04923   -0.89105   -0.83750   -0.76858   -0.74948   -0.72359
   -0.69959   -0.66947   -0.59907   -0.58451   -0.56521   -0.51693
   -0.49212   -0.48126   -0.47635   -0.46461   -0.46002   -0.44053
   -0.42508   -0.41309   -0.40005   -0.38900   -0.37339   -0.36589
   -0.35238   -0.34669   -0.34255   -0.32606   -0.30860   -0.30327
   -0.23506   -0.23222   -0.20742    0.00460    0.01273    0.07254
    0.09296    0.10770    0.11931    0.13325    0.13665    0.14022
    0.14940
 
  end of program scf
   
   
  start of program ch

  Atomic Fukui indices:
  
  
                         HOMO                             LUMO
            -------------------------------  -------------------------------
    Atom     f_NN    f_NS    f_SN    f_SS     f_NN    f_NS    f_SN    f_SS
  --------  ------- ------- ------- -------  ------- ------- ------- -------
  C1         0.2281  0.1099  0.0000  0.1183   0.0084 -0.1099  0.0000  0.1183
  C2         0.0355 -0.0918  0.0000  0.1273   0.2191  0.0918  0.0000  0.1273
  C3         0.1123 -0.0686  0.0000  0.1809   0.2494  0.0686  0.0000  0.1809
  C4         0.1801  0.0866  0.0000  0.0935   0.0070 -0.0866  0.0000  0.0935
  C5         0.1334 -0.0409  0.0000  0.1743   0.2152  0.0409  0.0000  0.1743
  C6         0.0281 -0.1152  0.0000  0.1433   0.2586  0.1152  0.0000  0.1433
  O7         0.2214  0.1105  0.0000  0.1109   0.0003 -0.1105  0.0000  0.1109
  C8         0.0048  0.0022  0.0000  0.0025   0.0003 -0.0022  0.0000  0.0025
  C9         0.0066 -0.0013  0.0000  0.0079   0.0093  0.0013  0.0000  0.0079
  C10        0.0029 -0.0003  0.0000  0.0033   0.0036  0.0003  0.0000  0.0033
  N11        0.0004  0.0002  0.0000  0.0002   0.0001 -0.0002  0.0000  0.0002
  C12        0.0001 -0.0001  0.0000  0.0002   0.0003  0.0001  0.0000  0.0002
  H13        0.0008  0.0004  0.0000  0.0004   0.0001 -0.0004  0.0000  0.0004
  H14        0.0001 -0.0006  0.0000  0.0008   0.0014  0.0006  0.0000  0.0008
  H15        0.0003 -0.0006  0.0000  0.0009   0.0015  0.0006  0.0000  0.0009
  H16        0.0001 -0.0008  0.0000  0.0009   0.0017  0.0008  0.0000  0.0009
  H17        0.0000  0.0000  0.0000  0.0000   0.0000  0.0000  0.0000  0.0000
  H18        0.0134  0.0066  0.0000  0.0067   0.0001 -0.0066  0.0000  0.0067
  H19        0.0172  0.0085  0.0000  0.0087   0.0001 -0.0085  0.0000  0.0087
  H20        0.0016  0.0002  0.0000  0.0014   0.0013 -0.0002  0.0000  0.0014
  H21        0.0104 -0.0045  0.0000  0.0149   0.0195  0.0045  0.0000  0.0149
  H22        0.0017  0.0003  0.0000  0.0014   0.0011 -0.0003  0.0000  0.0014
  H23        0.0002  0.0001  0.0000  0.0001   0.0000 -0.0001  0.0000  0.0001
  H24        0.0000  0.0000  0.0000  0.0000   0.0000  0.0000  0.0000  0.0000
  H25        0.0000 -0.0003  0.0000  0.0003   0.0005  0.0003  0.0000  0.0003
  H26        0.0001 -0.0002  0.0000  0.0003   0.0005  0.0002  0.0000  0.0003
  H27        0.0001 -0.0003  0.0000  0.0004   0.0008  0.0003  0.0000  0.0004
  
  end of program ch
   
 Total cpu seconds     user:      66.930   user+sys:      68.430
  
 Total elapsed time:    72 seconds

Job jaguar_batch_3 completed on rufus at Thu Apr  7 17:06:04 2011
