
     Program PWSCF v.> 4.2      starts on 10Nov2010 at 16:25:42 

     This program is part of the open-source Quantum ESPRESSO suite
     for quantum simulation of materials; please cite
         "P. Giannozzi et al., J. Phys.:Condens. Matter 21 395502 (2009);
          URL http://www.quantum-espresso.org", 
     in publications or presentations arising from this work. More details at
     http://www.quantum-espresso.org/wiki/index.php/Citing_Quantum-ESPRESSO

     Parallel version (MPI), running on     4 processors
     R & G space division:  proc/pool =    4

     Current dimensions of program PWSCF are:
     Max number of different atomic species (ntypx) = 10
     Max number of k-points (npk) =  40000
     Max angular momentum in pseudopotentials (lmaxx) =  3
     Waiting for xml input...
     file C.pbe-rrkjus_vdW.UPF: wavefunction(s)  2S 2P renormalized
     file H.pbe-rrkjus_vdW.UPF: wavefunction(s)  1S renormalized

     Subspace diagonalization in iterative solution of the eigenvalue problem:
     a serial algorithm will be used


     Planes per process (thick) : nr3 = 100 npp =   25 ncplane = 10000
     Planes per process (smooth): nr3s=  90 npps=   23 ncplanes=  8100
 
     Proc/  planes cols     G    planes cols    G      columns  G
     Pool       (dense grid)       (smooth grid)      (wavefct grid)
        1    25   1674   110818   23   1344    79202    355    10707
        2    25   1675   110821   23   1345    79219    354    10706
        3    25   1674   110816   22   1344    79218    354    10706
        4    25   1674   110816   22   1344    79202    354    10706
     tot    100   6697   443271   90   5377   316841   1417    42825
 


     bravais-lattice index     =            4
     lattice parameter (a_0)   =      18.0000  a.u.
     unit-cell volume          =    5050.6602 (a.u.)^3
     number of atoms/cell      =           12
     number of atomic types    =            2
     number of electrons       =        30.00
     number of Kohn-Sham states=           15
     kinetic-energy cutoff     =      60.0000  Ry
     charge density cutoff     =     300.0000  Ry
     convergence threshold     =      1.0E-10
     mixing beta               =       0.7000
     number of iterations used =            8  plain     mixing
     Exchange-correlation      =  SLA  PW   RPB  VDW (1449)
     EXX-fraction              =        0.00

     celldm(1)=  18.000000  celldm(2)=   0.000000  celldm(3)=   1.000000
     celldm(4)=   0.000000  celldm(5)=   0.000000  celldm(6)=   0.000000

     crystal axes: (cart. coord. in units of a_0)
               a(1) = (   1.000000   0.000000   0.000000 )  
               a(2) = (  -0.500000   0.866025   0.000000 )  
               a(3) = (   0.000000   0.000000   1.000000 )  

     reciprocal axes: (cart. coord. in units 2 pi/a_0)
               b(1) = (  1.000000  0.577350  0.000000 )  
               b(2) = (  0.000000  1.154701  0.000000 )  
               b(3) = (  0.000000  0.000000  1.000000 )  


     PseudoPot. # 1 for C  read from file C.pbe-rrkjus_vdW.UPF
     MD5 check sum: 9447d08ade86babd97b3b08ea5d64ee6
     Pseudo is Ultrasoft, Zval =  4.0
     Generated by new atomic code, or converted to UPF format
     Using radial grid of  627 points,  4 beta functions with: 
                l(1) =   0
                l(2) =   0
                l(3) =   1
                l(4) =   1
     Q(r) pseudized with 0 coefficients 


     PseudoPot. # 2 for H  read from file H.pbe-rrkjus_vdW.UPF
     MD5 check sum: 1896a689d1e503692954c02a7ce96b1d
     Pseudo is Ultrasoft, Zval =  1.0
     Generated by new atomic code, or converted to UPF format
     Using radial grid of 1061 points,  2 beta functions with: 
                l(1) =   0
                l(2) =   0
     Q(r) pseudized with 0 coefficients 


     atomic species   valence    mass     pseudopotential
        C              4.00    12.01070     C ( 1.00)
        H              1.00     1.00794     H ( 1.00)

     24 Sym.Ops. (with inversion)

                                    s                        frac. trans.

      isym =  1     identity                                     

 cryst.   s( 1) = (     1          0          0      )    f =(  0.0000000 )
                  (     0          1          0      )       (  0.0000000 )
                  (     0          0          1      )       (  0.0000000 )

 cart.    s( 1) = (  1.0000000  0.0000000  0.0000000 )    f =(  0.0000000 )
                  (  0.0000000  1.0000000  0.0000000 )       (  0.0000000 )
                  (  0.0000000  0.0000000  1.0000000 )       (  0.0000000 )


      isym =  2     180 deg rotation - cryst. axis [0,0,1]       

 cryst.   s( 2) = (    -1          0          0      )    f =(  0.0000000 )
                  (     0         -1          0      )       (  0.0000000 )
                  (     0          0          1      )       (  0.0000000 )

 cart.    s( 2) = ( -1.0000000  0.0000000  0.0000000 )    f =(  0.0000000 )
                  (  0.0000000 -1.0000000  0.0000000 )       (  0.0000000 )
                  (  0.0000000  0.0000000  1.0000000 )       (  0.0000000 )


      isym =  3     180 deg rotation - cryst. axis [1,2,0]       

 cryst.   s( 3) = (    -1          0          0      )    f =(  0.0000000 )
                  (     1          1          0      )       (  0.0000000 )
                  (     0          0         -1      )       (  0.0000000 )

 cart.    s( 3) = ( -1.0000000  0.0000000  0.0000000 )    f =(  0.0000000 )
                  (  0.0000000  1.0000000  0.0000000 )       (  0.0000000 )
                  (  0.0000000  0.0000000 -1.0000000 )       (  0.0000000 )


      isym =  4     180 deg rotation - cryst. axis [1,0,0]       

 cryst.   s( 4) = (     1          0          0      )    f =(  0.0000000 )
                  (    -1         -1          0      )       (  0.0000000 )
                  (     0          0         -1      )       (  0.0000000 )

 cart.    s( 4) = (  1.0000000  0.0000000  0.0000000 )    f =(  0.0000000 )
                  (  0.0000000 -1.0000000  0.0000000 )       (  0.0000000 )
                  (  0.0000000  0.0000000 -1.0000000 )       (  0.0000000 )


      isym =  5      60 deg rotation - cryst. axis [0,0,1]       

 cryst.   s( 5) = (     1          1          0      )    f =(  0.0000000 )
                  (    -1          0          0      )       (  0.0000000 )
                  (     0          0          1      )       (  0.0000000 )

 cart.    s( 5) = (  0.5000000 -0.8660254  0.0000000 )    f =(  0.0000000 )
                  (  0.8660254  0.5000000  0.0000000 )       (  0.0000000 )
                  (  0.0000000  0.0000000  1.0000000 )       (  0.0000000 )


      isym =  6      60 deg rotation - cryst. axis [0,0,-1]      

 cryst.   s( 6) = (     0         -1          0      )    f =(  0.0000000 )
                  (     1          1          0      )       (  0.0000000 )
                  (     0          0          1      )       (  0.0000000 )

 cart.    s( 6) = (  0.5000000  0.8660254  0.0000000 )    f =(  0.0000000 )
                  ( -0.8660254  0.5000000  0.0000000 )       (  0.0000000 )
                  (  0.0000000  0.0000000  1.0000000 )       (  0.0000000 )


      isym =  7     120 deg rotation - cryst. axis [0,0,1]       

 cryst.   s( 7) = (     0          1          0      )    f =(  0.0000000 )
                  (    -1         -1          0      )       (  0.0000000 )
                  (     0          0          1      )       (  0.0000000 )

 cart.    s( 7) = ( -0.5000000 -0.8660254  0.0000000 )    f =(  0.0000000 )
                  (  0.8660254 -0.5000000  0.0000000 )       (  0.0000000 )
                  (  0.0000000  0.0000000  1.0000000 )       (  0.0000000 )


      isym =  8     120 deg rotation - cryst. axis [0,0,-1]      

 cryst.   s( 8) = (    -1         -1          0      )    f =(  0.0000000 )
                  (     1          0          0      )       (  0.0000000 )
                  (     0          0          1      )       (  0.0000000 )

 cart.    s( 8) = ( -0.5000000  0.8660254  0.0000000 )    f =(  0.0000000 )
                  ( -0.8660254 -0.5000000  0.0000000 )       (  0.0000000 )
                  (  0.0000000  0.0000000  1.0000000 )       (  0.0000000 )


      isym =  9     180 deg rotation - cryst. axis [1,-1,0]      

 cryst.   s( 9) = (     0         -1          0      )    f =(  0.0000000 )
                  (    -1          0          0      )       (  0.0000000 )
                  (     0          0         -1      )       (  0.0000000 )

 cart.    s( 9) = (  0.5000000 -0.8660254  0.0000000 )    f =(  0.0000000 )
                  ( -0.8660254 -0.5000000  0.0000000 )       (  0.0000000 )
                  (  0.0000000  0.0000000 -1.0000000 )       (  0.0000000 )


      isym = 10     180 deg rotation - cryst. axis [2,1,0]       

 cryst.   s(10) = (     1          1          0      )    f =(  0.0000000 )
                  (     0         -1          0      )       (  0.0000000 )
                  (     0          0         -1      )       (  0.0000000 )

 cart.    s(10) = (  0.5000000  0.8660254  0.0000000 )    f =(  0.0000000 )
                  (  0.8660254 -0.5000000  0.0000000 )       (  0.0000000 )
                  (  0.0000000  0.0000000 -1.0000000 )       (  0.0000000 )


      isym = 11     180 deg rotation - cryst. axis [0,1,0]       

 cryst.   s(11) = (    -1         -1          0      )    f =(  0.0000000 )
                  (     0          1          0      )       (  0.0000000 )
                  (     0          0         -1      )       (  0.0000000 )

 cart.    s(11) = ( -0.5000000 -0.8660254  0.0000000 )    f =(  0.0000000 )
                  ( -0.8660254  0.5000000  0.0000000 )       (  0.0000000 )
                  (  0.0000000  0.0000000 -1.0000000 )       (  0.0000000 )


      isym = 12     180 deg rotation - cryst. axis [1,1,0]       

 cryst.   s(12) = (     0          1          0      )    f =(  0.0000000 )
                  (     1          0          0      )       (  0.0000000 )
                  (     0          0         -1      )       (  0.0000000 )

 cart.    s(12) = ( -0.5000000  0.8660254  0.0000000 )    f =(  0.0000000 )
                  (  0.8660254  0.5000000  0.0000000 )       (  0.0000000 )
                  (  0.0000000  0.0000000 -1.0000000 )       (  0.0000000 )


      isym = 13     inversion                                    

 cryst.   s(13) = (    -1          0          0      )    f =(  0.0000000 )
                  (     0         -1          0      )       (  0.0000000 )
                  (     0          0         -1      )       (  0.0000000 )

 cart.    s(13) = ( -1.0000000  0.0000000  0.0000000 )    f =(  0.0000000 )
                  (  0.0000000 -1.0000000  0.0000000 )       (  0.0000000 )
                  (  0.0000000  0.0000000 -1.0000000 )       (  0.0000000 )


      isym = 14     inv. 180 deg rotation - cryst. axis [0,0,1]  

 cryst.   s(14) = (     1          0          0      )    f =(  0.0000000 )
                  (     0          1          0      )       (  0.0000000 )
                  (     0          0         -1      )       (  0.0000000 )

 cart.    s(14) = (  1.0000000  0.0000000  0.0000000 )    f =(  0.0000000 )
                  (  0.0000000  1.0000000  0.0000000 )       (  0.0000000 )
                  (  0.0000000  0.0000000 -1.0000000 )       (  0.0000000 )


      isym = 15     inv. 180 deg rotation - cryst. axis [1,2,0]  

 cryst.   s(15) = (     1          0          0      )    f =(  0.0000000 )
                  (    -1         -1          0      )       (  0.0000000 )
                  (     0          0          1      )       (  0.0000000 )

 cart.    s(15) = (  1.0000000  0.0000000  0.0000000 )    f =(  0.0000000 )
                  (  0.0000000 -1.0000000  0.0000000 )       (  0.0000000 )
                  (  0.0000000  0.0000000  1.0000000 )       (  0.0000000 )


      isym = 16     inv. 180 deg rotation - cryst. axis [1,0,0]  

 cryst.   s(16) = (    -1          0          0      )    f =(  0.0000000 )
                  (     1          1          0      )       (  0.0000000 )
                  (     0          0          1      )       (  0.0000000 )

 cart.    s(16) = ( -1.0000000  0.0000000  0.0000000 )    f =(  0.0000000 )
                  (  0.0000000  1.0000000  0.0000000 )       (  0.0000000 )
                  (  0.0000000  0.0000000  1.0000000 )       (  0.0000000 )


      isym = 17     inv.  60 deg rotation - cryst. axis [0,0,1]  

 cryst.   s(17) = (    -1         -1          0      )    f =(  0.0000000 )
                  (     1          0          0      )       (  0.0000000 )
                  (     0          0         -1      )       (  0.0000000 )

 cart.    s(17) = ( -0.5000000  0.8660254  0.0000000 )    f =(  0.0000000 )
                  ( -0.8660254 -0.5000000  0.0000000 )       (  0.0000000 )
                  (  0.0000000  0.0000000 -1.0000000 )       (  0.0000000 )


      isym = 18     inv.  60 deg rotation - cryst. axis [0,0,-1] 

 cryst.   s(18) = (     0          1          0      )    f =(  0.0000000 )
                  (    -1         -1          0      )       (  0.0000000 )
                  (     0          0         -1      )       (  0.0000000 )

 cart.    s(18) = ( -0.5000000 -0.8660254  0.0000000 )    f =(  0.0000000 )
                  (  0.8660254 -0.5000000  0.0000000 )       (  0.0000000 )
                  (  0.0000000  0.0000000 -1.0000000 )       (  0.0000000 )


      isym = 19     inv. 120 deg rotation - cryst. axis [0,0,1]  

 cryst.   s(19) = (     0         -1          0      )    f =(  0.0000000 )
                  (     1          1          0      )       (  0.0000000 )
                  (     0          0         -1      )       (  0.0000000 )

 cart.    s(19) = (  0.5000000  0.8660254  0.0000000 )    f =(  0.0000000 )
                  ( -0.8660254  0.5000000  0.0000000 )       (  0.0000000 )
                  (  0.0000000  0.0000000 -1.0000000 )       (  0.0000000 )


      isym = 20     inv. 120 deg rotation - cryst. axis [0,0,-1] 

 cryst.   s(20) = (     1          1          0      )    f =(  0.0000000 )
                  (    -1          0          0      )       (  0.0000000 )
                  (     0          0         -1      )       (  0.0000000 )

 cart.    s(20) = (  0.5000000 -0.8660254  0.0000000 )    f =(  0.0000000 )
                  (  0.8660254  0.5000000  0.0000000 )       (  0.0000000 )
                  (  0.0000000  0.0000000 -1.0000000 )       (  0.0000000 )


      isym = 21     inv. 180 deg rotation - cryst. axis [1,-1,0] 

 cryst.   s(21) = (     0          1          0      )    f =(  0.0000000 )
                  (     1          0          0      )       (  0.0000000 )
                  (     0          0          1      )       (  0.0000000 )

 cart.    s(21) = ( -0.5000000  0.8660254  0.0000000 )    f =(  0.0000000 )
                  (  0.8660254  0.5000000  0.0000000 )       (  0.0000000 )
                  (  0.0000000  0.0000000  1.0000000 )       (  0.0000000 )


      isym = 22     inv. 180 deg rotation - cryst. axis [2,1,0]  

 cryst.   s(22) = (    -1         -1          0      )    f =(  0.0000000 )
                  (     0          1          0      )       (  0.0000000 )
                  (     0          0          1      )       (  0.0000000 )

 cart.    s(22) = ( -0.5000000 -0.8660254  0.0000000 )    f =(  0.0000000 )
                  ( -0.8660254  0.5000000  0.0000000 )       (  0.0000000 )
                  (  0.0000000  0.0000000  1.0000000 )       (  0.0000000 )


      isym = 23     inv. 180 deg rotation - cryst. axis [0,1,0]  

 cryst.   s(23) = (     1          1          0      )    f =(  0.0000000 )
                  (     0         -1          0      )       (  0.0000000 )
                  (     0          0          1      )       (  0.0000000 )

 cart.    s(23) = (  0.5000000  0.8660254  0.0000000 )    f =(  0.0000000 )
                  (  0.8660254 -0.5000000  0.0000000 )       (  0.0000000 )
                  (  0.0000000  0.0000000  1.0000000 )       (  0.0000000 )


      isym = 24     inv. 180 deg rotation - cryst. axis [1,1,0]  

 cryst.   s(24) = (     0         -1          0      )    f =(  0.0000000 )
                  (    -1          0          0      )       (  0.0000000 )
                  (     0          0          1      )       (  0.0000000 )

 cart.    s(24) = (  0.5000000 -0.8660254  0.0000000 )    f =(  0.0000000 )
                  ( -0.8660254 -0.5000000  0.0000000 )       (  0.0000000 )
                  (  0.0000000  0.0000000  1.0000000 )       (  0.0000000 )


     point group D_6h(6/mmm)
     there are 12 classes
     the character table:

       E     2C6   2C3   C2    3C2'  3C2'' i     2S3   2S6   s_h   3s_d  3s_v 
A_1g   1.00  1.00  1.00  1.00  1.00  1.00  1.00  1.00  1.00  1.00  1.00  1.00
A_2g   1.00  1.00  1.00  1.00 -1.00 -1.00  1.00  1.00  1.00  1.00 -1.00 -1.00
B_1g   1.00 -1.00  1.00 -1.00  1.00 -1.00  1.00 -1.00  1.00 -1.00  1.00 -1.00
B_2g   1.00 -1.00  1.00 -1.00 -1.00  1.00  1.00 -1.00  1.00 -1.00 -1.00  1.00
E_1g   2.00  1.00 -1.00 -2.00  0.00  0.00  2.00  1.00 -1.00 -2.00  0.00  0.00
E_2g   2.00 -1.00 -1.00  2.00  0.00  0.00  2.00 -1.00 -1.00  2.00  0.00  0.00
A_1u   1.00  1.00  1.00  1.00  1.00  1.00 -1.00 -1.00 -1.00 -1.00 -1.00 -1.00
A_2u   1.00  1.00  1.00  1.00 -1.00 -1.00 -1.00 -1.00 -1.00 -1.00  1.00  1.00
B_1u   1.00 -1.00  1.00 -1.00  1.00 -1.00 -1.00  1.00 -1.00  1.00 -1.00  1.00
B_2u   1.00 -1.00  1.00 -1.00 -1.00  1.00 -1.00  1.00 -1.00  1.00  1.00 -1.00
E_1u   2.00  1.00 -1.00 -2.00  0.00  0.00 -2.00 -1.00  1.00  2.00  0.00  0.00
E_2u   2.00 -1.00 -1.00  2.00  0.00  0.00 -2.00  1.00  1.00 -2.00  0.00  0.00

     the symmetry operations in each class:
     E        1
     C2       2
     3C2'     3    9   10
     3C2''    4   12   11
     2C6      5    6
     2C3      7    8
     i       13
     s_h     14
     3s_d    15   21   22
     3s_v    16   24   23
     2S3     17   18
     2S6     19   20

   Cartesian axes

     site n.     atom                  positions (a_0 units)
         1           C   tau(  1) = (  -0.1463680   0.0000000   0.0000000  )
         2           C   tau(  2) = (  -0.0731840   0.1267584   0.0000000  )
         3           C   tau(  3) = (   0.0731840  -0.1267584   0.0000000  )
         4           C   tau(  4) = (   0.1463680   0.0000000   0.0000000  )
         5           C   tau(  5) = (   0.0731840   0.1267584   0.0000000  )
         6           C   tau(  6) = (  -0.0731840  -0.1267584   0.0000000  )
         7           H   tau(  7) = (  -0.2602482   0.0000000   0.0000000  )
         8           H   tau(  8) = (  -0.1301241   0.2253816   0.0000000  )
         9           H   tau(  9) = (   0.1301241  -0.2253816   0.0000000  )
        10           H   tau( 10) = (   0.2602482   0.0000000   0.0000000  )
        11           H   tau( 11) = (   0.1301241   0.2253816   0.0000000  )
        12           H   tau( 12) = (  -0.1301241  -0.2253816   0.0000000  )

   Crystallographic axes

     site n.     atom                  positions (cryst. coord.)
         1           C   tau(  1) = ( -0.1463680  0.0000000  0.0000000  )
         2           C   tau(  2) = (  0.0000000  0.1463680  0.0000000  )
         3           C   tau(  3) = (  0.0000000 -0.1463680  0.0000000  )
         4           C   tau(  4) = (  0.1463680  0.0000000  0.0000000  )
         5           C   tau(  5) = (  0.1463680  0.1463680  0.0000000  )
         6           C   tau(  6) = ( -0.1463680 -0.1463680  0.0000000  )
         7           H   tau(  7) = ( -0.2602482  0.0000000  0.0000000  )
         8           H   tau(  8) = (  0.0000000  0.2602482  0.0000000  )
         9           H   tau(  9) = (  0.0000000 -0.2602482  0.0000000  )
        10           H   tau( 10) = (  0.2602482  0.0000000  0.0000000  )
        11           H   tau( 11) = (  0.2602482  0.2602482  0.0000000  )
        12           H   tau( 12) = ( -0.2602482 -0.2602482  0.0000000  )

     number of k points=     2
                       cart. coord. in units 2pi/a_0
        k(    1) = (   0.2500000   0.4330127   0.2500000), wk =   1.0000000
        k(    2) = (   0.2500000  -0.1443376   0.2500000), wk =   1.0000000

                       cryst. coord.
        k(    1) = (   0.2500000   0.2500000   0.2500000), wk =   1.0000000
        k(    2) = (   0.2500000  -0.2500000   0.2500000), wk =   1.0000000

     G cutoff = 2462.1048  ( 443271 G-vectors)     FFT grid: (100,100,100)
     G cutoff = 1969.6838  ( 316841 G-vectors)  smooth grid: ( 90, 90, 90)

     Largest allocated arrays     est. size (Mb)     dimensions
        Kohn-Sham Wavefunctions         2.27 Mb     (   9909,  15)
        NL pseudopotentials             9.07 Mb     (   9909,  60)
        Each V/rho on FFT grid          3.81 Mb     ( 250000)
        Each G-vector array             0.85 Mb     ( 110818)
        G-vector shells                 0.02 Mb     (   2309)
     Largest temporary arrays     est. size (Mb)     dimensions
        Auxiliary wavefunctions         9.07 Mb     (   9909,  60)
        Each subspace H/S matrix        0.05 Mb     (     60,  60)
        Each <psi_i|beta_j> matrix      0.01 Mb     (     60,  15)
        Arrays for rho mixing          30.52 Mb     ( 250000,   8)

     Initial potential from superposition of free atoms

     starting charge   29.42246, renormalised to   30.00000

     negative rho (up, down):  0.422E-04 0.000E+00


---------------------------------------------------------------------------------
Carrying out vdW-DF run using the following parameters:

Nqs =      20    Nr_points =    1024   r_max =   100.000
q_mesh =       0.00001000
     0.04494208
     0.09755937
     0.15916263
     0.23128650
     0.31572767
     0.41458969
     0.53033537
     0.66584808
     0.82450364
     1.01025438
     1.22772762
     1.48234092
     1.78043706
     2.12944203
     2.53805004
     3.01644009
     3.57652955
     4.23227104
     5.00000000

---------------------------------------------------------------------------------




     ----------------------------------------------------------------

     Non-local correlation energy =              0.37949529

     ----------------------------------------------------------------

     Starting wfc are   30 atomic wfcs

     total cpu time spent up to now is     30.73 secs

     per-process dynamical memory:    98.0 Mb

     Self-consistent Calculation

     iteration #  1     ecut=    60.00 Ry     beta=0.70
     Davidson diagonalization with overlap
     ethr =  1.00E-02,  avg # of iterations =  2.0

     negative rho (up, down):  0.126E-04 0.000E+00


     ----------------------------------------------------------------

     Non-local correlation energy =              0.44684630

     ----------------------------------------------------------------


     total cpu time spent up to now is     44.95 secs

     total energy              =     -75.68993654 Ry
     Harris-Foulkes estimate   =     -77.26058262 Ry
     estimated scf accuracy    <       2.39821621 Ry

     iteration #  2     ecut=    60.00 Ry     beta=0.70
     Davidson diagonalization with overlap
     ethr =  7.99E-03,  avg # of iterations =  2.0

     negative rho (up, down):  0.457E-05 0.000E+00


     ----------------------------------------------------------------

     Non-local correlation energy =              0.45040437

     ----------------------------------------------------------------


     total cpu time spent up to now is     59.17 secs

     total energy              =     -76.00196331 Ry
     Harris-Foulkes estimate   =     -76.12901515 Ry
     estimated scf accuracy    <       0.21700192 Ry

     iteration #  3     ecut=    60.00 Ry     beta=0.70
     Davidson diagonalization with overlap
     ethr =  7.23E-04,  avg # of iterations =  2.0

     negative rho (up, down):  0.194E-05 0.000E+00


     ----------------------------------------------------------------

     Non-local correlation energy =              0.45439974

     ----------------------------------------------------------------


     total cpu time spent up to now is     73.93 secs

     total energy              =     -76.04156014 Ry
     Harris-Foulkes estimate   =     -76.06442369 Ry
     estimated scf accuracy    <       0.03485971 Ry

     iteration #  4     ecut=    60.00 Ry     beta=0.70
     Davidson diagonalization with overlap
     ethr =  1.16E-04,  avg # of iterations =  2.0

     negative rho (up, down):  0.153E-05 0.000E+00


     ----------------------------------------------------------------

     Non-local correlation energy =              0.45532564

     ----------------------------------------------------------------


     total cpu time spent up to now is     88.42 secs

     total energy              =     -76.05054318 Ry
     Harris-Foulkes estimate   =     -76.05125504 Ry
     estimated scf accuracy    <       0.00163081 Ry

     iteration #  5     ecut=    60.00 Ry     beta=0.70
     Davidson diagonalization with overlap
     ethr =  5.44E-06,  avg # of iterations =  2.0

     negative rho (up, down):  0.155E-04 0.000E+00


     ----------------------------------------------------------------

     Non-local correlation energy =              0.45550522

     ----------------------------------------------------------------


     total cpu time spent up to now is    102.84 secs

     total energy              =     -76.05090027 Ry
     Harris-Foulkes estimate   =     -76.05085204 Ry
     estimated scf accuracy    <       0.00001980 Ry

     iteration #  6     ecut=    60.00 Ry     beta=0.70
     Davidson diagonalization with overlap
     ethr =  6.60E-08,  avg # of iterations =  3.0

     negative rho (up, down):  0.173E-04 0.000E+00


     ----------------------------------------------------------------

     Non-local correlation energy =              0.45549390

     ----------------------------------------------------------------


     total cpu time spent up to now is    118.14 secs

     total energy              =     -76.05090795 Ry
     Harris-Foulkes estimate   =     -76.05090960 Ry
     estimated scf accuracy    <       0.00000225 Ry

     iteration #  7     ecut=    60.00 Ry     beta=0.70
     Davidson diagonalization with overlap
     ethr =  7.49E-09,  avg # of iterations =  2.0

     negative rho (up, down):  0.152E-04 0.000E+00


     ----------------------------------------------------------------

     Non-local correlation energy =              0.45550151

     ----------------------------------------------------------------


     total cpu time spent up to now is    132.93 secs

     total energy              =     -76.05090836 Ry
     Harris-Foulkes estimate   =     -76.05090830 Ry
     estimated scf accuracy    <       0.00000003 Ry

     iteration #  8     ecut=    60.00 Ry     beta=0.70
     Davidson diagonalization with overlap
     ethr =  1.11E-10,  avg # of iterations =  3.0

     negative rho (up, down):  0.148E-04 0.000E+00


     ----------------------------------------------------------------

     Non-local correlation energy =              0.45549879

     ----------------------------------------------------------------


     total cpu time spent up to now is    148.88 secs

     total energy              =     -76.05090840 Ry
     Harris-Foulkes estimate   =     -76.05090838 Ry
     estimated scf accuracy    <          6.8E-09 Ry

     iteration #  9     ecut=    60.00 Ry     beta=0.70
     Davidson diagonalization with overlap
     ethr =  2.26E-11,  avg # of iterations =  2.0

     negative rho (up, down):  0.147E-04 0.000E+00


     ----------------------------------------------------------------

     Non-local correlation energy =              0.45549900

     ----------------------------------------------------------------


     total cpu time spent up to now is    163.95 secs

     total energy              =     -76.05090842 Ry
     Harris-Foulkes estimate   =     -76.05090841 Ry
     estimated scf accuracy    <          2.9E-10 Ry

     iteration # 10     ecut=    60.00 Ry     beta=0.70
     Davidson diagonalization with overlap
     ethr =  9.76E-13,  avg # of iterations =  2.5

     negative rho (up, down):  0.147E-04 0.000E+00


     ----------------------------------------------------------------

     Non-local correlation energy =              0.45549876

     ----------------------------------------------------------------


     total cpu time spent up to now is    178.82 secs

     End of self-consistent calculation

          k = 0.2500 0.4330 0.2500 ( 39669 PWs)   bands (ev):

   -20.5166 -17.7786 -17.7766 -14.1936 -14.1898 -12.2435 -10.6456 -10.2741
    -9.6714  -9.6681  -8.3009  -7.7164  -7.7120  -5.5886  -5.5870

     occupation numbers 
     1.0000   1.0000   1.0000   1.0000   1.0000   1.0000   1.0000   1.0000
     1.0000   1.0000   1.0000   1.0000   1.0000   1.0000   1.0000

          k = 0.2500-0.1443 0.2500 ( 39649 PWs)   bands (ev):

   -20.5166 -17.7785 -17.7766 -14.1939 -14.1902 -12.2451 -10.6433 -10.2742
    -9.6682  -9.6648  -8.3010  -7.7209  -7.7163  -5.5878  -5.5865

     occupation numbers 
     1.0000   1.0000   1.0000   1.0000   1.0000   1.0000   1.0000   1.0000
     1.0000   1.0000   1.0000   1.0000   1.0000   1.0000   1.0000

!    total energy              =     -76.05090841 Ry
     Harris-Foulkes estimate   =     -76.05090842 Ry
     estimated scf accuracy    <          3.1E-11 Ry

     The total energy is the sum of the following terms:

     one-electron contribution =    -238.62372638 Ry
     hartree contribution      =     123.32467687 Ry
     xc contribution           =     -25.91477872 Ry
     ewald contribution        =      65.16291981 Ry

     convergence has been achieved in  10 iterations

     Forces acting on atoms (Ry/au):

     atom   1 type  1   force =     0.00021290    0.00000000    0.00000000
     atom   2 type  1   force =     0.00010645   -0.00018438    0.00000000
     atom   3 type  1   force =    -0.00010645    0.00018438    0.00000000
     atom   4 type  1   force =    -0.00021290    0.00000000    0.00000000
     atom   5 type  1   force =    -0.00010645   -0.00018438    0.00000000
     atom   6 type  1   force =     0.00010645    0.00018438    0.00000000
     atom   7 type  2   force =    -0.00006472    0.00000000    0.00000000
     atom   8 type  2   force =    -0.00003236    0.00005605    0.00000000
     atom   9 type  2   force =     0.00003236   -0.00005605    0.00000000
     atom  10 type  2   force =     0.00006472    0.00000000    0.00000000
     atom  11 type  2   force =     0.00003236    0.00005605    0.00000000
     atom  12 type  2   force =    -0.00003236   -0.00005605    0.00000000

     Total force =     0.000545     Total SCF correction =     0.000011


     entering subroutine stress ...

          VDW GRADIENT stress
             0.00000548   0.00000000   0.00000000
             0.00000000   0.00000548   0.00000000
             0.00000000   0.00000000   0.00001007

          VDW KERNEL stress
            -0.00001972   0.00000000   0.00000000
             0.00000000  -0.00001972   0.00000000
             0.00000000   0.00000000  -0.00005575

          VDW ALL stress
             0.00001424   0.00000000   0.00000000
             0.00000000   0.00001424   0.00000000
             0.00000000   0.00000000   0.00004568

          total   stress  (Ry/bohr**3)                   (kbar)     P=    0.10
   0.00000042   0.00000000   0.00000000          0.06      0.00      0.00
   0.00000000   0.00000042   0.00000000          0.00      0.06      0.00
   0.00000000   0.00000000   0.00000127          0.00      0.00      0.19

     kinetic stress (kbar)    863.18      0.00      0.00
                                0.00    863.18      0.00
                                0.00      0.00    993.80

     local   stress (kbar)  -4332.24      0.00      0.00
                                0.00  -4332.24      0.00
                                0.00      0.00   1310.45

     nonloc. stress (kbar)    -50.57      0.00      0.00
                                0.00    -50.57      0.00
                                0.00      0.00    -46.09

     hartree stress (kbar)   1940.82      0.00      0.00
                                0.00   1940.82      0.00
                                0.00      0.00   -289.70

     exc-cor stress (kbar)   -233.82      0.00      0.00
                                0.00   -233.82      0.00
                                0.00      0.00   -251.73

     corecor stress (kbar)      0.00      0.00      0.00
                                0.00      0.00      0.00
                                0.00      0.00      0.00

     ewald   stress (kbar)   1810.60      0.00      0.00
                                0.00   1810.60      0.00
                                0.00      0.00  -1723.27

     hubbard stress (kbar)      0.00      0.00      0.00
                                0.00      0.00      0.00
                                0.00      0.00      0.00

     london  stress (kbar)      0.00      0.00      0.00
                                0.00      0.00      0.00
                                0.00      0.00      0.00

     dft-nl  stress (kbar)      2.10      0.00      0.00
                                0.00      2.09      0.00
                                0.00      0.00      6.72



     Writing output data file benzeneHXVDW_18.0.save
 
     init_run     :     29.89s CPU     30.34s WALL (       1 calls)
     electrons    :    142.92s CPU    148.09s WALL (       1 calls)
     forces       :      5.25s CPU      5.26s WALL (       1 calls)
     stress       :     20.30s CPU     20.76s WALL (       1 calls)

     Called by init_run:
     wfcinit      :      3.00s CPU      3.06s WALL (       1 calls)
     potinit      :      5.23s CPU      5.37s WALL (       1 calls)

     Called by electrons:
     c_bands      :     50.74s CPU     52.22s WALL (      10 calls)
     sum_band     :     23.34s CPU     23.88s WALL (      10 calls)
     v_of_rho     :     53.63s CPU     55.03s WALL (      11 calls)
     v_h          :      0.80s CPU      0.85s WALL (      11 calls)
     v_xc         :     52.83s CPU     54.18s WALL (      11 calls)
     newd         :     17.19s CPU     17.30s WALL (      11 calls)
     mix_rho      :      2.23s CPU      2.24s WALL (      10 calls)
     vdW_energy   :      4.91s CPU      4.91s WALL (      11 calls)
     vdW_ffts     :     26.12s CPU     26.33s WALL (      24 calls)
     vdW_v        :     12.69s CPU     12.72s WALL (      11 calls)

     Called by c_bands:
     init_us_2    :      0.85s CPU      0.86s WALL (      46 calls)
     cegterg      :     49.42s CPU     49.98s WALL (      20 calls)

     Called by sum_band:
     sum_band:bec :      0.00s CPU      0.00s WALL (      20 calls)
     addusdens    :     11.98s CPU     12.16s WALL (      10 calls)

     Called by *egterg:
     h_psi        :     44.84s CPU     45.02s WALL (      67 calls)
     s_psi        :      2.35s CPU      2.36s WALL (      67 calls)
     g_psi        :      0.16s CPU      0.17s WALL (      45 calls)
     cdiaghg      :      0.07s CPU      0.08s WALL (      65 calls)
     cegterg:over :      1.78s CPU      1.78s WALL (      45 calls)
     cegterg:upda :      1.19s CPU      1.19s WALL (      45 calls)
     cegterg:last :      0.55s CPU      0.55s WALL (      20 calls)

     Called by h_psi:
     h_psi:vloc   :     39.86s CPU     40.03s WALL (      67 calls)
     h_psi:vnl    :      4.76s CPU      4.77s WALL (      67 calls)
     add_vuspsi   :      2.38s CPU      2.39s WALL (      67 calls)

     General routines
     calbec       :      3.36s CPU      3.37s WALL (      91 calls)
     fft          :     36.35s CPU     36.71s WALL (     661 calls)
     ffts         :      0.84s CPU      0.85s WALL (      21 calls)
     fftw         :     40.17s CPU     40.37s WALL (    2154 calls)
     interpolate  :      2.17s CPU      2.21s WALL (      21 calls)
     davcio       :      0.01s CPU      1.23s WALL (      66 calls)
 
     Parallel routines
     fft_scatter  :     17.50s CPU     17.73s WALL (    2836 calls)
 
     PWSCF        :  3m18.80s CPU     3m25.75s WALL

 
   This run was terminated on:  16:29: 8  10Nov2010            

=------------------------------------------------------------------------------=
   JOB DONE.
=------------------------------------------------------------------------------=
