
     Program PWSCF v.> 4.2      starts on  2Nov2010 at 18: 4:46 

     This program is part of the open-source Quantum ESPRESSO suite
     for quantum simulation of materials; please cite
         "P. Giannozzi et al., J. Phys.:Condens. Matter 21 395502 (2009);
          URL http://www.quantum-espresso.org", 
     in publications or presentations arising from this work. More details at
     http://www.quantum-espresso.org/wiki/index.php/Citing_Quantum-ESPRESSO

     Parallel version (MPI), running on     4 processors
     R & G space division:  proc/pool =    4

     Current dimensions of program PWSCF are:
     Max number of different atomic species (ntypx) = 10
     Max number of k-points (npk) =  40000
     Max angular momentum in pseudopotentials (lmaxx) =  3
     Waiting for xml input...
     Message from routine iosys:
     wrong startingpot: use default (1)
     file C.pbe-rrkjus_vdW.UPF: wavefunction(s)  2S 2P renormalized
     file H.pbe-rrkjus_vdW.UPF: wavefunction(s)  1S renormalized

     Subspace diagonalization in iterative solution of the eigenvalue problem:
     a serial algorithm will be used


     Planes per process (thick) : nr3 = 100 npp =   25 ncplane = 10000
     Planes per process (smooth): nr3s=  90 npps=   23 ncplanes=  8100
 
     Proc/  planes cols     G    planes cols    G      columns  G
     Pool       (dense grid)       (smooth grid)      (wavefct grid)
        1    25   1930   127992   23   1545    91441    401    12123
        2    25   1930   127992   23   1545    91447    402    12124
        3    25   1930   127992   22   1545    91441    401    12121
        4    25   1931   127995   22   1546    91452    401    12121
     tot    100   7721   511971   90   6181   365781   1605    48489
 


     bravais-lattice index     =            1
     lattice parameter (a_0)   =      18.0000  a.u.
     unit-cell volume          =    5832.0000 (a.u.)^3
     number of atoms/cell      =            5
     number of atomic types    =            2
     number of electrons       =         8.00
     number of Kohn-Sham states=            4
     kinetic-energy cutoff     =      60.0000  Ry
     charge density cutoff     =     300.0000  Ry
     convergence threshold     =      1.0E-10
     mixing beta               =       0.7000
     number of iterations used =            8  plain     mixing
     Exchange-correlation      =  SLA  PW   RPB  VDW (1449)
     EXX-fraction              =        0.00

     celldm(1)=  18.000000  celldm(2)=   0.000000  celldm(3)=   0.000000
     celldm(4)=   0.000000  celldm(5)=   0.000000  celldm(6)=   0.000000

     crystal axes: (cart. coord. in units of a_0)
               a(1) = (   1.000000   0.000000   0.000000 )  
               a(2) = (   0.000000   1.000000   0.000000 )  
               a(3) = (   0.000000   0.000000   1.000000 )  

     reciprocal axes: (cart. coord. in units 2 pi/a_0)
               b(1) = (  1.000000  0.000000  0.000000 )  
               b(2) = (  0.000000  1.000000  0.000000 )  
               b(3) = (  0.000000  0.000000  1.000000 )  


     PseudoPot. # 1 for C  read from file C.pbe-rrkjus_vdW.UPF
     MD5 check sum: 9447d08ade86babd97b3b08ea5d64ee6
     Pseudo is Ultrasoft, Zval =  4.0
     Generated by new atomic code, or converted to UPF format
     Using radial grid of  627 points,  4 beta functions with: 
                l(1) =   0
                l(2) =   0
                l(3) =   1
                l(4) =   1
     Q(r) pseudized with 0 coefficients 


     PseudoPot. # 2 for H  read from file H.pbe-rrkjus_vdW.UPF
     MD5 check sum: 1896a689d1e503692954c02a7ce96b1d
     Pseudo is Ultrasoft, Zval =  1.0
     Generated by new atomic code, or converted to UPF format
     Using radial grid of 1061 points,  2 beta functions with: 
                l(1) =   0
                l(2) =   0
     Q(r) pseudized with 0 coefficients 


     atomic species   valence    mass     pseudopotential
        C              4.00    12.01070     C ( 1.00)
        H              1.00     1.00794     H ( 1.00)

     24 Sym.Ops. (no inversion)

                                    s                        frac. trans.

      isym =  1     identity                                     

 cryst.   s( 1) = (     1          0          0      )    f =(  0.0000000 )
                  (     0          1          0      )       (  0.0000000 )
                  (     0          0          1      )       (  0.0000000 )

 cart.    s( 1) = (  1.0000000  0.0000000  0.0000000 )    f =(  0.0000000 )
                  (  0.0000000  1.0000000  0.0000000 )       (  0.0000000 )
                  (  0.0000000  0.0000000  1.0000000 )       (  0.0000000 )


      isym =  2     180 deg rotation - cart. axis [0,0,1]        

 cryst.   s( 2) = (    -1          0          0      )    f =(  0.0000000 )
                  (     0         -1          0      )       (  0.0000000 )
                  (     0          0          1      )       (  0.0000000 )

 cart.    s( 2) = ( -1.0000000  0.0000000  0.0000000 )    f =(  0.0000000 )
                  (  0.0000000 -1.0000000  0.0000000 )       (  0.0000000 )
                  (  0.0000000  0.0000000  1.0000000 )       (  0.0000000 )


      isym =  3     180 deg rotation - cart. axis [0,1,0]        

 cryst.   s( 3) = (    -1          0          0      )    f =(  0.0000000 )
                  (     0          1          0      )       (  0.0000000 )
                  (     0          0         -1      )       (  0.0000000 )

 cart.    s( 3) = ( -1.0000000  0.0000000  0.0000000 )    f =(  0.0000000 )
                  (  0.0000000  1.0000000  0.0000000 )       (  0.0000000 )
                  (  0.0000000  0.0000000 -1.0000000 )       (  0.0000000 )


      isym =  4     180 deg rotation - cart. axis [1,0,0]        

 cryst.   s( 4) = (     1          0          0      )    f =(  0.0000000 )
                  (     0         -1          0      )       (  0.0000000 )
                  (     0          0         -1      )       (  0.0000000 )

 cart.    s( 4) = (  1.0000000  0.0000000  0.0000000 )    f =(  0.0000000 )
                  (  0.0000000 -1.0000000  0.0000000 )       (  0.0000000 )
                  (  0.0000000  0.0000000 -1.0000000 )       (  0.0000000 )


      isym =  5     120 deg rotation - cart. axis [-1,-1,-1]     

 cryst.   s( 5) = (     0          0          1      )    f =(  0.0000000 )
                  (     1          0          0      )       (  0.0000000 )
                  (     0          1          0      )       (  0.0000000 )

 cart.    s( 5) = (  0.0000000  1.0000000  0.0000000 )    f =(  0.0000000 )
                  (  0.0000000  0.0000000  1.0000000 )       (  0.0000000 )
                  (  1.0000000  0.0000000  0.0000000 )       (  0.0000000 )


      isym =  6     120 deg rotation - cart. axis [-1,1,1]       

 cryst.   s( 6) = (     0          0         -1      )    f =(  0.0000000 )
                  (    -1          0          0      )       (  0.0000000 )
                  (     0          1          0      )       (  0.0000000 )

 cart.    s( 6) = (  0.0000000 -1.0000000  0.0000000 )    f =(  0.0000000 )
                  (  0.0000000  0.0000000  1.0000000 )       (  0.0000000 )
                  ( -1.0000000  0.0000000  0.0000000 )       (  0.0000000 )


      isym =  7     120 deg rotation - cart. axis [1,1,-1]       

 cryst.   s( 7) = (     0          0         -1      )    f =(  0.0000000 )
                  (     1          0          0      )       (  0.0000000 )
                  (     0         -1          0      )       (  0.0000000 )

 cart.    s( 7) = (  0.0000000  1.0000000  0.0000000 )    f =(  0.0000000 )
                  (  0.0000000  0.0000000 -1.0000000 )       (  0.0000000 )
                  ( -1.0000000  0.0000000  0.0000000 )       (  0.0000000 )


      isym =  8     120 deg rotation - cart. axis [1,-1,1]       

 cryst.   s( 8) = (     0          0          1      )    f =(  0.0000000 )
                  (    -1          0          0      )       (  0.0000000 )
                  (     0         -1          0      )       (  0.0000000 )

 cart.    s( 8) = (  0.0000000 -1.0000000  0.0000000 )    f =(  0.0000000 )
                  (  0.0000000  0.0000000 -1.0000000 )       (  0.0000000 )
                  (  1.0000000  0.0000000  0.0000000 )       (  0.0000000 )


      isym =  9     120 deg rotation - cart. axis [1,1,1]        

 cryst.   s( 9) = (     0          1          0      )    f =(  0.0000000 )
                  (     0          0          1      )       (  0.0000000 )
                  (     1          0          0      )       (  0.0000000 )

 cart.    s( 9) = (  0.0000000  0.0000000  1.0000000 )    f =(  0.0000000 )
                  (  1.0000000  0.0000000  0.0000000 )       (  0.0000000 )
                  (  0.0000000  1.0000000  0.0000000 )       (  0.0000000 )


      isym = 10     120 deg rotation - cart. axis [-1,1,-1]      

 cryst.   s(10) = (     0         -1          0      )    f =(  0.0000000 )
                  (     0          0         -1      )       (  0.0000000 )
                  (     1          0          0      )       (  0.0000000 )

 cart.    s(10) = (  0.0000000  0.0000000  1.0000000 )    f =(  0.0000000 )
                  ( -1.0000000  0.0000000  0.0000000 )       (  0.0000000 )
                  (  0.0000000 -1.0000000  0.0000000 )       (  0.0000000 )


      isym = 11     120 deg rotation - cart. axis [1,-1,-1]      

 cryst.   s(11) = (     0         -1          0      )    f =(  0.0000000 )
                  (     0          0          1      )       (  0.0000000 )
                  (    -1          0          0      )       (  0.0000000 )

 cart.    s(11) = (  0.0000000  0.0000000 -1.0000000 )    f =(  0.0000000 )
                  ( -1.0000000  0.0000000  0.0000000 )       (  0.0000000 )
                  (  0.0000000  1.0000000  0.0000000 )       (  0.0000000 )


      isym = 12     120 deg rotation - cart. axis [-1,-1,1]      

 cryst.   s(12) = (     0          1          0      )    f =(  0.0000000 )
                  (     0          0         -1      )       (  0.0000000 )
                  (    -1          0          0      )       (  0.0000000 )

 cart.    s(12) = (  0.0000000  0.0000000 -1.0000000 )    f =(  0.0000000 )
                  (  1.0000000  0.0000000  0.0000000 )       (  0.0000000 )
                  (  0.0000000 -1.0000000  0.0000000 )       (  0.0000000 )


      isym = 13     inv. 180 deg rotation - cart. axis [1,1,0]   

 cryst.   s(13) = (     0         -1          0      )    f =(  0.0000000 )
                  (    -1          0          0      )       (  0.0000000 )
                  (     0          0          1      )       (  0.0000000 )

 cart.    s(13) = (  0.0000000 -1.0000000  0.0000000 )    f =(  0.0000000 )
                  ( -1.0000000  0.0000000  0.0000000 )       (  0.0000000 )
                  (  0.0000000  0.0000000  1.0000000 )       (  0.0000000 )


      isym = 14     inv. 180 deg rotation - cart. axis [1,-1,0]  

 cryst.   s(14) = (     0          1          0      )    f =(  0.0000000 )
                  (     1          0          0      )       (  0.0000000 )
                  (     0          0          1      )       (  0.0000000 )

 cart.    s(14) = (  0.0000000  1.0000000  0.0000000 )    f =(  0.0000000 )
                  (  1.0000000  0.0000000  0.0000000 )       (  0.0000000 )
                  (  0.0000000  0.0000000  1.0000000 )       (  0.0000000 )


      isym = 15     inv.  90 deg rotation - cart. axis [0,0,-1]  

 cryst.   s(15) = (     0          1          0      )    f =(  0.0000000 )
                  (    -1          0          0      )       (  0.0000000 )
                  (     0          0         -1      )       (  0.0000000 )

 cart.    s(15) = (  0.0000000 -1.0000000  0.0000000 )    f =(  0.0000000 )
                  (  1.0000000  0.0000000  0.0000000 )       (  0.0000000 )
                  (  0.0000000  0.0000000 -1.0000000 )       (  0.0000000 )


      isym = 16     inv.  90 deg rotation - cart. axis [0,0,1]   

 cryst.   s(16) = (     0         -1          0      )    f =(  0.0000000 )
                  (     1          0          0      )       (  0.0000000 )
                  (     0          0         -1      )       (  0.0000000 )

 cart.    s(16) = (  0.0000000  1.0000000  0.0000000 )    f =(  0.0000000 )
                  ( -1.0000000  0.0000000  0.0000000 )       (  0.0000000 )
                  (  0.0000000  0.0000000 -1.0000000 )       (  0.0000000 )


      isym = 17     inv. 180 deg rotation - cart. axis [1,0,1]   

 cryst.   s(17) = (     0          0         -1      )    f =(  0.0000000 )
                  (     0          1          0      )       (  0.0000000 )
                  (    -1          0          0      )       (  0.0000000 )

 cart.    s(17) = (  0.0000000  0.0000000 -1.0000000 )    f =(  0.0000000 )
                  (  0.0000000  1.0000000  0.0000000 )       (  0.0000000 )
                  ( -1.0000000  0.0000000  0.0000000 )       (  0.0000000 )


      isym = 18     inv. 180 deg rotation - cart. axis [-1,0,1]  

 cryst.   s(18) = (     0          0          1      )    f =(  0.0000000 )
                  (     0          1          0      )       (  0.0000000 )
                  (     1          0          0      )       (  0.0000000 )

 cart.    s(18) = (  0.0000000  0.0000000  1.0000000 )    f =(  0.0000000 )
                  (  0.0000000  1.0000000  0.0000000 )       (  0.0000000 )
                  (  1.0000000  0.0000000  0.0000000 )       (  0.0000000 )


      isym = 19     inv.  90 deg rotation - cart. axis [0,1,0]   

 cryst.   s(19) = (     0          0          1      )    f =(  0.0000000 )
                  (     0         -1          0      )       (  0.0000000 )
                  (    -1          0          0      )       (  0.0000000 )

 cart.    s(19) = (  0.0000000  0.0000000 -1.0000000 )    f =(  0.0000000 )
                  (  0.0000000 -1.0000000  0.0000000 )       (  0.0000000 )
                  (  1.0000000  0.0000000  0.0000000 )       (  0.0000000 )


      isym = 20     inv.  90 deg rotation - cart. axis [0,-1,0]  

 cryst.   s(20) = (     0          0         -1      )    f =(  0.0000000 )
                  (     0         -1          0      )       (  0.0000000 )
                  (     1          0          0      )       (  0.0000000 )

 cart.    s(20) = (  0.0000000  0.0000000  1.0000000 )    f =(  0.0000000 )
                  (  0.0000000 -1.0000000  0.0000000 )       (  0.0000000 )
                  ( -1.0000000  0.0000000  0.0000000 )       (  0.0000000 )


      isym = 21     inv. 180 deg rotation - cart. axis [0,1,1]   

 cryst.   s(21) = (     1          0          0      )    f =(  0.0000000 )
                  (     0          0         -1      )       (  0.0000000 )
                  (     0         -1          0      )       (  0.0000000 )

 cart.    s(21) = (  1.0000000  0.0000000  0.0000000 )    f =(  0.0000000 )
                  (  0.0000000  0.0000000 -1.0000000 )       (  0.0000000 )
                  (  0.0000000 -1.0000000  0.0000000 )       (  0.0000000 )


      isym = 22     inv. 180 deg rotation - cart. axis [0,1,-1]  

 cryst.   s(22) = (     1          0          0      )    f =(  0.0000000 )
                  (     0          0          1      )       (  0.0000000 )
                  (     0          1          0      )       (  0.0000000 )

 cart.    s(22) = (  1.0000000  0.0000000  0.0000000 )    f =(  0.0000000 )
                  (  0.0000000  0.0000000  1.0000000 )       (  0.0000000 )
                  (  0.0000000  1.0000000  0.0000000 )       (  0.0000000 )


      isym = 23     inv.  90 deg rotation - cart. axis [-1,0,0]  

 cryst.   s(23) = (    -1          0          0      )    f =(  0.0000000 )
                  (     0          0          1      )       (  0.0000000 )
                  (     0         -1          0      )       (  0.0000000 )

 cart.    s(23) = ( -1.0000000  0.0000000  0.0000000 )    f =(  0.0000000 )
                  (  0.0000000  0.0000000 -1.0000000 )       (  0.0000000 )
                  (  0.0000000  1.0000000  0.0000000 )       (  0.0000000 )


      isym = 24     inv.  90 deg rotation - cart. axis [1,0,0]   

 cryst.   s(24) = (    -1          0          0      )    f =(  0.0000000 )
                  (     0          0         -1      )       (  0.0000000 )
                  (     0          1          0      )       (  0.0000000 )

 cart.    s(24) = ( -1.0000000  0.0000000  0.0000000 )    f =(  0.0000000 )
                  (  0.0000000  0.0000000  1.0000000 )       (  0.0000000 )
                  (  0.0000000 -1.0000000  0.0000000 )       (  0.0000000 )


     point group T_d (-43m) 
     there are  5 classes
     the character table:

       E     8C3   3C2   6S4   6s_d 
A_1    1.00  1.00  1.00  1.00  1.00
A_2    1.00  1.00  1.00 -1.00 -1.00
E      2.00 -1.00  2.00  0.00  0.00
T_1    3.00  0.00 -1.00  1.00 -1.00
T_2    3.00  0.00 -1.00 -1.00  1.00

     the symmetry operations in each class:
     E        1
     3C2      2    3    4
     8C3      5    7    8    6   12    9   10   11
     6s_d    13   14   17   18   21   22
     6S4     15   16   20   19   23   24

   Cartesian axes

     site n.     atom                  positions (a_0 units)
         1           C   tau(  1) = (   0.0000000   0.0000000   0.0000000  )
         2           H   tau(  2) = (   0.0662018   0.0662018   0.0662018  )
         3           H   tau(  3) = (  -0.0662018  -0.0662018   0.0662018  )
         4           H   tau(  4) = (   0.0662018  -0.0662018  -0.0662018  )
         5           H   tau(  5) = (  -0.0662018   0.0662018  -0.0662018  )

   Crystallographic axes

     site n.     atom                  positions (cryst. coord.)
         1           C   tau(  1) = (  0.0000000  0.0000000  0.0000000  )
         2           H   tau(  2) = (  0.0662018  0.0662018  0.0662018  )
         3           H   tau(  3) = ( -0.0662018 -0.0662018  0.0662018  )
         4           H   tau(  4) = (  0.0662018 -0.0662018 -0.0662018  )
         5           H   tau(  5) = ( -0.0662018  0.0662018 -0.0662018  )

     number of k points=     1
                       cart. coord. in units 2pi/a_0
        k(    1) = (   0.2500000   0.2500000   0.2500000), wk =   2.0000000

                       cryst. coord.
        k(    1) = (   0.2500000   0.2500000   0.2500000), wk =   2.0000000

     G cutoff = 2462.1048  ( 511971 G-vectors)     FFT grid: (100,100,100)
     G cutoff = 1969.6838  ( 365781 G-vectors)  smooth grid: ( 90, 90, 90)

     Largest allocated arrays     est. size (Mb)     dimensions
        Kohn-Sham Wavefunctions         0.70 Mb     (  11424,   4)
        NL pseudopotentials             2.79 Mb     (  11424,  16)
        Each V/rho on FFT grid          3.81 Mb     ( 250000)
        Each G-vector array             0.98 Mb     ( 127992)
        G-vector shells                 0.02 Mb     (   2053)
     Largest temporary arrays     est. size (Mb)     dimensions
        Auxiliary wavefunctions         2.79 Mb     (  11424,  16)
        Each subspace H/S matrix        0.00 Mb     (     16,  16)
        Each <psi_i|beta_j> matrix      0.00 Mb     (     16,   4)
        Arrays for rho mixing          30.52 Mb     ( 250000,   8)

     Initial potential from superposition of free atoms
     Check: negative starting charge=   -0.000302

     starting charge    7.61513, renormalised to    8.00000

     negative rho (up, down):  0.317E-03 0.000E+00


---------------------------------------------------------------------------------
Carrying out vdW-DF run using the following parameters:

Nqs =      20    Nr_points =    1024   r_max =   100.000
q_mesh =       0.00001000
     0.04494208
     0.09755937
     0.15916263
     0.23128650
     0.31572767
     0.41458969
     0.53033537
     0.66584808
     0.82450364
     1.01025438
     1.22772762
     1.48234092
     1.78043706
     2.12944203
     2.53805004
     3.01644009
     3.57652955
     4.23227104
     5.00000000

---------------------------------------------------------------------------------




     ----------------------------------------------------------------

     Non-local correlation energy =              0.11934933

     ----------------------------------------------------------------

     Starting wfc are    8 atomic wfcs

     total cpu time spent up to now is     33.21 secs

     per-process dynamical memory:    90.3 Mb

     Self-consistent Calculation

     iteration #  1     ecut=    60.00 Ry     beta=0.70
     Davidson diagonalization with overlap
     ethr =  1.00E-02,  avg # of iterations =  2.0

     negative rho (up, down):  0.920E-04 0.000E+00


     ----------------------------------------------------------------

     Non-local correlation energy =              0.14014945

     ----------------------------------------------------------------


     total cpu time spent up to now is     41.68 secs

     total energy              =     -15.82371915 Ry
     Harris-Foulkes estimate   =     -17.44334527 Ry
     estimated scf accuracy    <       2.11827768 Ry

     iteration #  2     ecut=    60.00 Ry     beta=0.70
     Davidson diagonalization with overlap
     ethr =  1.00E-02,  avg # of iterations =  2.0

     negative rho (up, down):  0.419E-04 0.000E+00


     ----------------------------------------------------------------

     Non-local correlation energy =              0.14193631

     ----------------------------------------------------------------


     total cpu time spent up to now is     51.12 secs

     total energy              =     -16.24704477 Ry
     Harris-Foulkes estimate   =     -16.59274027 Ry
     estimated scf accuracy    <       0.66586372 Ry

     iteration #  3     ecut=    60.00 Ry     beta=0.70
     Davidson diagonalization with overlap
     ethr =  8.32E-03,  avg # of iterations =  2.0

     negative rho (up, down):  0.538E-02 0.000E+00


     ----------------------------------------------------------------

     Non-local correlation energy =              0.14680300

     ----------------------------------------------------------------


     total cpu time spent up to now is     59.91 secs

     total energy              =     -16.36092757 Ry
     Harris-Foulkes estimate   =     -16.37893748 Ry
     estimated scf accuracy    <       0.02568527 Ry

     iteration #  4     ecut=    60.00 Ry     beta=0.70
     Davidson diagonalization with overlap
     ethr =  3.21E-04,  avg # of iterations =  2.0

     negative rho (up, down):  0.111E-04 0.000E+00


     ----------------------------------------------------------------

     Non-local correlation energy =              0.14603965

     ----------------------------------------------------------------


     total cpu time spent up to now is     68.34 secs

     total energy              =     -16.36568039 Ry
     Harris-Foulkes estimate   =     -16.36669344 Ry
     estimated scf accuracy    <       0.00222923 Ry

     iteration #  5     ecut=    60.00 Ry     beta=0.70
     Davidson diagonalization with overlap
     ethr =  2.79E-05,  avg # of iterations =  1.0

     negative rho (up, down):  0.250E-04 0.000E+00


     ----------------------------------------------------------------

     Non-local correlation energy =              0.14569566

     ----------------------------------------------------------------


     total cpu time spent up to now is     76.41 secs

     total energy              =     -16.36564151 Ry
     Harris-Foulkes estimate   =     -16.36579599 Ry
     estimated scf accuracy    <       0.00035047 Ry

     iteration #  6     ecut=    60.00 Ry     beta=0.70
     Davidson diagonalization with overlap
     ethr =  4.38E-06,  avg # of iterations =  2.0

     negative rho (up, down):  0.481E-04 0.000E+00


     ----------------------------------------------------------------

     Non-local correlation energy =              0.14570286

     ----------------------------------------------------------------


     total cpu time spent up to now is     84.90 secs

     total energy              =     -16.36568018 Ry
     Harris-Foulkes estimate   =     -16.36568086 Ry
     estimated scf accuracy    <       0.00000051 Ry

     iteration #  7     ecut=    60.00 Ry     beta=0.70
     Davidson diagonalization with overlap
     ethr =  6.31E-09,  avg # of iterations =  2.0

     negative rho (up, down):  0.362E-04 0.000E+00


     ----------------------------------------------------------------

     Non-local correlation energy =              0.14570981

     ----------------------------------------------------------------


     total cpu time spent up to now is    100.20 secs

     total energy              =     -16.36567959 Ry
     Harris-Foulkes estimate   =     -16.36568061 Ry
     estimated scf accuracy    <       0.00000032 Ry

     iteration #  8     ecut=    60.00 Ry     beta=0.70
     Davidson diagonalization with overlap
     ethr =  3.95E-09,  avg # of iterations =  2.0

     negative rho (up, down):  0.371E-04 0.000E+00


     ----------------------------------------------------------------

     Non-local correlation energy =              0.14571328

     ----------------------------------------------------------------


     total cpu time spent up to now is    111.34 secs

     total energy              =     -16.36567947 Ry
     Harris-Foulkes estimate   =     -16.36567971 Ry
     estimated scf accuracy    <       0.00000010 Ry

     iteration #  9     ecut=    60.00 Ry     beta=0.70
     Davidson diagonalization with overlap
     ethr =  1.24E-09,  avg # of iterations =  2.0

     negative rho (up, down):  0.371E-04 0.000E+00


     ----------------------------------------------------------------

     Non-local correlation energy =              0.14571257

     ----------------------------------------------------------------


     total cpu time spent up to now is    120.26 secs

     total energy              =     -16.36567950 Ry
     Harris-Foulkes estimate   =     -16.36567948 Ry
     estimated scf accuracy    <          8.1E-09 Ry

     iteration # 10     ecut=    60.00 Ry     beta=0.70
     Davidson diagonalization with overlap
     ethr =  1.01E-10,  avg # of iterations =  2.0

     negative rho (up, down):  0.371E-04 0.000E+00


     ----------------------------------------------------------------

     Non-local correlation energy =              0.14571295

     ----------------------------------------------------------------


     total cpu time spent up to now is    128.66 secs

     total energy              =     -16.36567950 Ry
     Harris-Foulkes estimate   =     -16.36567950 Ry
     estimated scf accuracy    <          6.0E-10 Ry

     iteration # 11     ecut=    60.00 Ry     beta=0.70
     Davidson diagonalization with overlap
     ethr =  7.49E-12,  avg # of iterations =  2.0

     negative rho (up, down):  0.371E-04 0.000E+00


     ----------------------------------------------------------------

     Non-local correlation energy =              0.14571287

     ----------------------------------------------------------------


     total cpu time spent up to now is    136.18 secs

     End of self-consistent calculation

          k = 0.2500 0.2500 0.2500 ( 45806 PWs)   bands (ev):

   -17.0464  -9.5031  -9.5031  -9.5031

     occupation numbers 
     2.0000   2.0000   2.0000   2.0000

!    total energy              =     -16.36567950 Ry
     Harris-Foulkes estimate   =     -16.36567950 Ry
     estimated scf accuracy    <          5.2E-11 Ry

     The total energy is the sum of the following terms:

     one-electron contribution =     -39.41021781 Ry
     hartree contribution      =      20.56904521 Ry
     xc contribution           =      -6.59744274 Ry
     ewald contribution        =       9.07293584 Ry

     convergence has been achieved in  11 iterations

     Forces acting on atoms (Ry/au):

     atom   1 type  1   force =     0.00000000    0.00000000    0.00000000
     atom   2 type  2   force =    -0.00099114   -0.00099114   -0.00099114
     atom   3 type  2   force =     0.00099114    0.00099114   -0.00099114
     atom   4 type  2   force =    -0.00099114    0.00099114    0.00099114
     atom   5 type  2   force =     0.00099114   -0.00099114    0.00099114

     Total force =     0.003433     Total SCF correction =     0.000002


     entering subroutine stress ...

          VDW GRADIENT stress
            -0.00000261   0.00000000   0.00000000
             0.00000000  -0.00000261   0.00000000
             0.00000000   0.00000000  -0.00000261

          VDW KERNEL stress
             0.00000760   0.00000000   0.00000000
             0.00000000   0.00000760   0.00000000
             0.00000000   0.00000000   0.00000760

          VDW ALL stress
             0.00000499   0.00000000   0.00000000
             0.00000000   0.00000499   0.00000000
             0.00000000   0.00000000   0.00000499

          DFTNL RECEIVED stress
             0.00000499   0.00000000   0.00000000
             0.00000000   0.00000499   0.00000000
             0.00000000   0.00000000   0.00000499

          total   stress  (Ry/bohr**3)                   (kbar)     P=   -0.12
  -0.00000081   0.00000000   0.00000000         -0.12      0.00      0.00
   0.00000000  -0.00000081   0.00000000          0.00     -0.12      0.00
   0.00000000   0.00000000  -0.00000081          0.00      0.00     -0.12

     kinetic stress (kbar)    184.65      0.00      0.00
                                0.00    184.65      0.00
                                0.00      0.00    184.65

     local   stress (kbar)   -366.28      0.00      0.00
                                0.00   -366.28      0.00
                                0.00      0.00   -366.28

     nonloc. stress (kbar)    -15.42      0.00      0.00
                                0.00    -15.42      0.00
                                0.00      0.00    -15.42

     hartree stress (kbar)    172.94      0.00      0.00
                                0.00    172.94      0.00
                                0.00      0.00    172.94

     exc-cor stress (kbar)    -53.03      0.00      0.00
                                0.00    -53.03      0.00
                                0.00      0.00    -53.03

     corecor stress (kbar)      0.00      0.00      0.00
                                0.00      0.00      0.00
                                0.00      0.00      0.00

     ewald   stress (kbar)     76.28      0.00      0.00
                                0.00     76.28      0.00
                                0.00      0.00     76.28

     hubbard stress (kbar)      0.00      0.00      0.00
                                0.00      0.00      0.00
                                0.00      0.00      0.00

     london  stress (kbar)      0.00      0.00      0.00
                                0.00      0.00      0.00
                                0.00      0.00      0.00

     dft-nl  stress (kbar)      0.73      0.00      0.00
                                0.00      0.73      0.00
                                0.00      0.00      0.73



     Writing output data file methaneVDW_18.0.save
 
     init_run     :     32.36s CPU     32.73s WALL (       1 calls)
     electrons    :     85.31s CPU    102.97s WALL (       1 calls)
     forces       :      1.58s CPU      1.59s WALL (       1 calls)
     stress       :     13.01s CPU     13.36s WALL (       1 calls)

     Called by init_run:
     wfcinit      :      0.45s CPU      0.45s WALL (       1 calls)
     potinit      :      5.53s CPU      5.70s WALL (       1 calls)

     Called by electrons:
     c_bands      :      7.72s CPU      7.83s WALL (      11 calls)
     sum_band     :     10.91s CPU     11.10s WALL (      11 calls)
     v_of_rho     :     59.54s CPU     61.19s WALL (      12 calls)
     v_h          :      0.96s CPU      1.03s WALL (      12 calls)
     v_xc         :     58.58s CPU     60.15s WALL (      12 calls)
     newd         :      7.59s CPU      7.74s WALL (      12 calls)
     mix_rho      :      2.78s CPU      2.81s WALL (      11 calls)
     vdW_energy   :      5.78s CPU      5.80s WALL (      12 calls)
     vdW_ffts     :     33.10s CPU     33.21s WALL (      27 calls)
     vdW_v        :     11.03s CPU     11.05s WALL (      12 calls)

     Called by c_bands:
     init_us_2    :      0.24s CPU      0.24s WALL (      23 calls)
     cegterg      :      7.49s CPU      7.60s WALL (      11 calls)

     Called by sum_band:
     sum_band:bec :      0.00s CPU      0.00s WALL (      11 calls)
     addusdens    :      5.94s CPU      6.09s WALL (      11 calls)

     Called by *egterg:
     h_psi        :      7.12s CPU      7.17s WALL (      33 calls)
     s_psi        :      0.25s CPU      0.25s WALL (      33 calls)
     g_psi        :      0.03s CPU      0.03s WALL (      21 calls)
     cdiaghg      :      0.01s CPU      0.01s WALL (      32 calls)
     cegterg:over :      0.18s CPU      0.18s WALL (      21 calls)
     cegterg:upda :      0.12s CPU      0.12s WALL (      21 calls)
     cegterg:last :      0.07s CPU      0.07s WALL (      11 calls)

     Called by h_psi:
     h_psi:vloc   :      6.62s CPU      6.66s WALL (      33 calls)
     h_psi:vnl    :      0.47s CPU      0.48s WALL (      33 calls)
     add_vuspsi   :      0.22s CPU      0.23s WALL (      33 calls)

     General routines
     calbec       :      0.39s CPU      0.39s WALL (      46 calls)
     fft          :     45.65s CPU     45.95s WALL (     737 calls)
     ffts         :      1.02s CPU      1.04s WALL (      23 calls)
     fftw         :      6.86s CPU      6.91s WALL (     308 calls)
     interpolate  :      2.60s CPU      2.66s WALL (      23 calls)
     davcio       :      0.00s CPU      0.29s WALL (      11 calls)
 
     Parallel routines
     fft_scatter  :     16.08s CPU     16.24s WALL (    1068 calls)
 
     PWSCF        :  2m12.77s CPU     2m32.92s WALL

 
   This run was terminated on:  18: 7:18   2Nov2010            

=------------------------------------------------------------------------------=
   JOB DONE.
=------------------------------------------------------------------------------=
