
     Program PWSCF     v.4.1a   starts ...
     Today is 11Jul2009 at 11:22:55 

     Parallel version (MPI)

     Number of processors in use:       1

     For Norm-Conserving or Ultrasoft (Vanderbilt) Pseudopotentials or PAW

     Current dimensions of program pwscf are:
     Max number of different atomic species (ntypx) = 10
     Max number of k-points (npk) =  40000
     Max angular momentum in pseudopotentials (lmaxx) =  3
     Waiting for input...
     file Cu.pz-d-rrkjus.UPF: wavefunction(s)  3D renormalized

     Subspace diagonalization in iterative solution of the eigenvalue problem:
     Too few procs for parallel algorithm
       we need at least 4 procs per pool
     a serial algorithm will be used


     Planes per process (thick) : nr3 = 27 npp =  27 ncplane =  729
     Planes per process (smooth): nr3s= 15 npps=  15 ncplanes=  225
 
     Proc/  planes cols     G    planes cols    G      columns  G
     Pool       (dense grid)       (smooth grid)      (wavefct grid)
       1     27    475     6735   15    151     1243     61      307
 


     bravais-lattice index     =            2
     lattice parameter (a_0)   =       6.7300  a.u.
     unit-cell volume          =      76.2053 (a.u.)^3
     number of atoms/cell      =            1
     number of atomic types    =            1
     number of electrons       =        11.00
     number of Kohn-Sham states=           10
     kinetic-energy cutoff     =      25.0000  Ry
     charge density cutoff     =     300.0000  Ry
     convergence threshold     =      1.0E-08
     mixing beta               =       0.7000
     number of iterations used =            8  plain     mixing
     Exchange-correlation      =  SLA  PZ   NOGX NOGC (1100)

     celldm(1)=   6.730000  celldm(2)=   0.000000  celldm(3)=   0.000000
     celldm(4)=   0.000000  celldm(5)=   0.000000  celldm(6)=   0.000000

     crystal axes: (cart. coord. in units of a_0)
               a(1) = ( -0.500000  0.000000  0.500000 )  
               a(2) = (  0.000000  0.500000  0.500000 )  
               a(3) = ( -0.500000  0.500000  0.000000 )  

     reciprocal axes: (cart. coord. in units 2 pi/a_0)
               b(1) = ( -1.000000 -1.000000  1.000000 )  
               b(2) = (  1.000000  1.000000  1.000000 )  
               b(3) = ( -1.000000  1.000000 -1.000000 )  


     PseudoPot. # 1 for Cu read from file Cu.pz-d-rrkjus.UPF
     Pseudo is Ultrasoft, Zval = 11.0
     Generated by new atomic code, or converted to UPF format
     Using radial grid of  899 points,  3 beta functions with: 
                l(1) =   2
                l(2) =   2
                l(3) =   1
     Q(r) pseudized with 0 coefficients 


     atomic species   valence    mass     pseudopotential
        Cu            11.00    63.55000     Cu( 1.00)

     48 Sym.Ops. (with inversion)


   Cartesian axes

     site n.     atom                  positions (a_0 units)
         1           Cu  tau(  1) = (   0.0000000   0.0000000   0.0000000  )

     number of k points=   29  gaussian broad. (Ry)=  0.0200     ngauss =   0
                       cart. coord. in units 2pi/a_0
        k(    1) = (   0.0000000   0.0000000   0.0000000), wk =   0.0039062
        k(    2) = (  -0.1250000   0.1250000  -0.1250000), wk =   0.0312500
        k(    3) = (  -0.2500000   0.2500000  -0.2500000), wk =   0.0312500
        k(    4) = (  -0.3750000   0.3750000  -0.3750000), wk =   0.0312500
        k(    5) = (   0.5000000  -0.5000000   0.5000000), wk =   0.0156250
        k(    6) = (   0.0000000   0.2500000   0.0000000), wk =   0.0234375
        k(    7) = (  -0.1250000   0.3750000  -0.1250000), wk =   0.0937500
        k(    8) = (  -0.2500000   0.5000000  -0.2500000), wk =   0.0937500
        k(    9) = (   0.6250000  -0.3750000   0.6250000), wk =   0.0937500
        k(   10) = (   0.5000000  -0.2500000   0.5000000), wk =   0.0937500
        k(   11) = (   0.3750000  -0.1250000   0.3750000), wk =   0.0937500
        k(   12) = (   0.2500000   0.0000000   0.2500000), wk =   0.0468750
        k(   13) = (   0.0000000   0.5000000   0.0000000), wk =   0.0234375
        k(   14) = (  -0.1250000   0.6250000  -0.1250000), wk =   0.0937500
        k(   15) = (   0.7500000  -0.2500000   0.7500000), wk =   0.0937500
        k(   16) = (   0.6250000  -0.1250000   0.6250000), wk =   0.0937500
        k(   17) = (   0.5000000   0.0000000   0.5000000), wk =   0.0468750
        k(   18) = (   0.0000000   0.7500000   0.0000000), wk =   0.0234375
        k(   19) = (   0.8750000  -0.1250000   0.8750000), wk =   0.0937500
        k(   20) = (   0.7500000   0.0000000   0.7500000), wk =   0.0468750
        k(   21) = (   0.0000000  -1.0000000   0.0000000), wk =   0.0117188
        k(   22) = (  -0.2500000   0.5000000   0.0000000), wk =   0.0937500
        k(   23) = (   0.6250000  -0.3750000   0.8750000), wk =   0.1875000
        k(   24) = (   0.5000000  -0.2500000   0.7500000), wk =   0.0937500
        k(   25) = (   0.7500000  -0.2500000   1.0000000), wk =   0.0937500
        k(   26) = (   0.6250000  -0.1250000   0.8750000), wk =   0.1875000
        k(   27) = (   0.5000000   0.0000000   0.7500000), wk =   0.0937500
        k(   28) = (  -0.2500000  -1.0000000   0.0000000), wk =   0.0468750
        k(   29) = (  -0.5000000  -1.0000000   0.0000000), wk =   0.0234375

     G cutoff =  344.1848  (   6735 G-vectors)     FFT grid: ( 27, 27, 27)
     G cutoff =  114.7283  (   1243 G-vectors)  smooth grid: ( 15, 15, 15)

     Largest allocated arrays     est. size (Mb)     dimensions
        Kohn-Sham Wavefunctions         0.03 Mb     (    169,  10)
        NL pseudopotentials             0.03 Mb     (    169,  13)
        Each V/rho on FFT grid          0.30 Mb     (  19683)
        Each G-vector array             0.05 Mb     (   6735)
        G-vector shells                 0.00 Mb     (    118)
     Largest temporary arrays     est. size (Mb)     dimensions
        Each subspace H/S matrix        0.00 Mb     (     10,  10)
        Each <psi_i|beta_j> matrix      0.00 Mb     (     13,  10)
        Arrays for rho mixing           2.40 Mb     (  19683,   8)

     Initial potential from superposition of free atoms

     starting charge   10.99968, renormalised to   11.00000
     Starting wfc are    6 atomic +    4 random wfc

     total cpu time spent up to now is      0.76 secs

     per-process dynamical memory:    10.0 Mb

     Self-consistent Calculation

     iteration #  1     ecut=    25.00 Ry     beta=0.70
     CG style diagonalization
     ethr =  1.00E-02,  avg # of iterations =  4.9

     total cpu time spent up to now is      1.23 secs

     total energy              =     -87.74274917 Ry
     Harris-Foulkes estimate   =     -87.90115645 Ry
     estimated scf accuracy    <       0.21504136 Ry

     iteration #  2     ecut=    25.00 Ry     beta=0.70
     CG style diagonalization
     ethr =  1.95E-03,  avg # of iterations =  3.5

     total cpu time spent up to now is      1.59 secs

     total energy              =     -87.81399720 Ry
     Harris-Foulkes estimate   =     -87.89139411 Ry
     estimated scf accuracy    <       0.15242613 Ry

     iteration #  3     ecut=    25.00 Ry     beta=0.70
     CG style diagonalization
     ethr =  1.39E-03,  avg # of iterations =  3.0

     total cpu time spent up to now is      1.91 secs

     total energy              =     -87.84089022 Ry
     Harris-Foulkes estimate   =     -87.84098564 Ry
     estimated scf accuracy    <       0.00018824 Ry

     iteration #  4     ecut=    25.00 Ry     beta=0.70
     CG style diagonalization
     ethr =  1.71E-06,  avg # of iterations =  5.5

     total cpu time spent up to now is      2.42 secs

     total energy              =     -87.84116339 Ry
     Harris-Foulkes estimate   =     -87.84119245 Ry
     estimated scf accuracy    <       0.00006324 Ry

     iteration #  5     ecut=    25.00 Ry     beta=0.70
     CG style diagonalization
     ethr =  5.75E-07,  avg # of iterations =  3.0

     total cpu time spent up to now is      2.74 secs

     total energy              =     -87.84117660 Ry
     Harris-Foulkes estimate   =     -87.84117651 Ry
     estimated scf accuracy    <       0.00000002 Ry

     iteration #  6     ecut=    25.00 Ry     beta=0.70
     CG style diagonalization
     ethr =  1.52E-10,  avg # of iterations =  4.2

     total cpu time spent up to now is      3.15 secs

     total energy              =     -87.84117671 Ry
     Harris-Foulkes estimate   =     -87.84117679 Ry
     estimated scf accuracy    <       0.00000018 Ry

     iteration #  7     ecut=    25.00 Ry     beta=0.70
     CG style diagonalization
     ethr =  1.52E-10,  avg # of iterations =  3.6

     total cpu time spent up to now is      3.51 secs

     End of self-consistent calculation

          k = 0.0000 0.0000 0.0000 (   169 PWs)   bands (ev):

     4.9902  11.2011  11.2011  11.2011  12.0900  12.0900  38.8602  41.0130
    41.0131  41.0131

          k =-0.1250 0.1250-0.1250 (   165 PWs)   bands (ev):

     5.5709  11.0865  11.3028  11.3028  12.0596  12.0596  34.2711  39.2721
    39.7082  39.7082

          k =-0.2500 0.2500-0.2500 (   156 PWs)   bands (ev):

     7.1553  10.9526  11.3711  11.3711  12.1822  12.1822  27.5276  38.3732
    38.3732  38.4661

          k =-0.3750 0.3750-0.3750 (   159 PWs)   bands (ev):

     8.7581  11.2414  11.2414  11.7718  12.5305  12.5305  21.8040  37.4538
    37.7366  37.7366

          k = 0.5000-0.5000 0.5000 (   156 PWs)   bands (ev):

     9.1126  11.1667  11.1667  12.7052  12.7052  13.4643  18.6412  37.0216
    37.6108  37.6108

          k = 0.0000 0.2500 0.0000 (   165 PWs)   bands (ev):

     5.7619  10.9724  11.3942  11.3942  11.8894  12.1759  36.7454  36.7454
    36.7670  38.6741

          k =-0.1250 0.3750-0.1250 (   160 PWs)   bands (ev):

     7.0143  10.7491  11.4315  11.5524  11.9730  12.3079  30.0779  34.8354
    36.4458  38.9411

          k =-0.2500 0.5000-0.2500 (   158 PWs)   bands (ev):

     8.7287  10.8275  11.1807  11.4888  12.5931  12.8057  23.9425  34.0858
    34.9379  36.6367

          k = 0.6250-0.3750 0.6250 (   163 PWs)   bands (ev):

     9.3833  10.9634  11.3698  11.6201  12.7173  14.6390  19.3208  32.8135
    34.6288  36.4059

          k = 0.5000-0.2500 0.5000 (   161 PWs)   bands (ev):

     9.3118  11.0366  11.3690  11.4824  12.4842  14.0535  20.5831  31.5887
    36.5314  37.3111

          k = 0.3750-0.1250 0.3750 (   159 PWs)   bands (ev):

     8.2135  10.8072  11.2557  11.5070  12.0311  12.8219  25.8862  31.4947
    39.3197  39.7083

          k = 0.2500 0.0000 0.2500 (   160 PWs)   bands (ev):

     6.4954  10.8983  11.3915  11.4734  11.8693  12.2784  32.0409  32.7822
    41.5266  42.4821

          k = 0.0000 0.5000 0.0000 (   165 PWs)   bands (ev):

     7.7943  10.4347  11.6325  11.9192  11.9192  12.3849  32.3393  32.3393
    33.7599  34.5441

          k =-0.1250 0.6250-0.1250 (   162 PWs)   bands (ev):

     9.0227  10.2343  11.4502  12.0191  12.6216  12.9852  26.9779  30.3531
    31.0981  35.0365

          k = 0.7500-0.2500 0.7500 (   158 PWs)   bands (ev):

     9.7667  10.3288  11.2645  11.8943  12.7489  15.5294  21.6001  27.6744
    31.3015  35.1325

          k = 0.6250-0.1250 0.6250 (   162 PWs)   bands (ev):

    10.0183  10.5263  11.0684  11.7897  12.5062  16.7738  20.0922  26.0416
    32.9710  35.8417

          k = 0.5000 0.0000 0.5000 (   164 PWs)   bands (ev):

     9.6266  10.6773  10.8945  11.7426  12.0919  14.2038  24.5960  26.0247
    35.8985  37.3877

          k = 0.0000 0.7500 0.0000 (   162 PWs)   bands (ev):

     9.2057   9.9166  12.5532  12.5532  12.5970  13.2865  26.4700  29.2996
    29.2996  33.3064

          k = 0.8750-0.1250 0.8750 (   164 PWs)   bands (ev):

     9.4500   9.8713  12.2018  12.4695  12.7942  15.9126  23.7212  25.2517
    29.0129  34.1879

          k = 0.7500 0.0000 0.7500 (   168 PWs)   bands (ev):

     9.8606  10.1090  11.5076  12.2375  12.6487  19.0055  20.5140  22.9124
    30.3242  34.7826

          k = 0.0000-1.0000 0.0000 (   150 PWs)   bands (ev):

     9.2584   9.7078  12.6855  12.8599  12.8599  16.0645  22.1077  28.1796
    28.1796  32.9217

          k =-0.2500 0.5000 0.0000 (   156 PWs)   bands (ev):

     8.3838  10.5246  11.2021  11.9283  11.9815  12.8598  28.3780  29.1672
    34.7023  39.7245

          k = 0.6250-0.3750 0.8750 (   161 PWs)   bands (ev):

     9.6521  10.6050  10.9251  11.7990  12.4586  14.3779  22.9148  28.5911
    31.6502  39.6656

          k = 0.5000-0.2500 0.7500 (   164 PWs)   bands (ev):

     9.8897  10.5877  11.1595  11.6868  12.6465  16.6898  19.1411  29.3143
    29.7906  39.3669

          k = 0.7500-0.2500 1.0000 (   166 PWs)   bands (ev):

     9.6141  10.1147  11.4163  12.3918  12.5493  14.7883  25.8700  26.6503
    27.2659  37.8987

          k = 0.6250-0.1250 0.8750 (   161 PWs)   bands (ev):

     9.9928  10.2650  11.1240  12.1236  12.7324  18.0166  21.2248  24.7934
    27.1016  39.0184

          k = 0.5000 0.0000 0.7500 (   158 PWs)   bands (ev):

    10.2723  10.4557  10.7011  12.0025  12.5534  17.1250  21.9644  24.2064
    28.8740  40.2128

          k =-0.2500-1.0000 0.0000 (   164 PWs)   bands (ev):

     9.5931   9.9450  11.8838  12.4221  12.8601  17.7229  22.3900  24.9290
    26.0238  37.2947

          k =-0.5000-1.0000 0.0000 (   156 PWs)   bands (ev):

    10.0285  10.6778  10.6778  12.0570  12.8605  20.9509  20.9509  23.1324
    24.0538  44.6541

     the Fermi energy is    14.4956 ev

!    total energy              =     -87.84117675 Ry
     Harris-Foulkes estimate   =     -87.84117675 Ry
     estimated scf accuracy    <          4.8E-10 Ry

     The total energy is the sum of the following terms:

     one-electron contribution =     -10.24225676 Ry
     hartree contribution      =      18.89104059 Ry
     xc contribution           =     -14.05625346 Ry
     ewald contribution        =     -82.43214130 Ry
     smearing contrib. (-TS)   =      -0.00156581 Ry

     convergence has been achieved in   7 iterations

     Forces acting on atoms (Ry/au):

     atom   1 type  1   force =     0.00000000    0.00000000    0.00000000

     Total force =     0.000000     Total SCF correction =     0.000000


     entering subroutine stress ...

          total   stress  (Ry/bohr**3)                   (kbar)     P=  -10.74
  -0.00007300   0.00000000   0.00000000        -10.74      0.00      0.00
   0.00000000  -0.00007300   0.00000000          0.00    -10.74      0.00
   0.00000000   0.00000000  -0.00007300          0.00      0.00    -10.74


     Writing output data file cu.save
 
     PWSCF        :     3.96s CPU time,    4.10s wall time

     init_run     :     0.72s CPU
     electrons    :     2.75s CPU
     forces       :     0.05s CPU
     stress       :     0.25s CPU

     Called by init_run:
     wfcinit      :     0.07s CPU
     potinit      :     0.01s CPU

     Called by electrons:
     c_bands      :     2.06s CPU (       7 calls,   0.295 s avg)
     sum_band     :     0.44s CPU (       7 calls,   0.063 s avg)
     v_of_rho     :     0.04s CPU (       8 calls,   0.005 s avg)
     newd         :     0.18s CPU (       8 calls,   0.023 s avg)
     mix_rho      :     0.02s CPU (       7 calls,   0.003 s avg)

     Called by c_bands:
     init_us_2    :     0.05s CPU (     493 calls,   0.000 s avg)
     ccgdiagg     :     1.64s CPU (     203 calls,   0.008 s avg)
     wfcrot       :     0.47s CPU (     203 calls,   0.002 s avg)

     Called by *cgdiagg:
     h_psi        :     1.79s CPU (    6461 calls,   0.000 s avg)
     s_psi        :     0.08s CPU (   12719 calls,   0.000 s avg)
     cdiaghg      :     0.01s CPU (     203 calls,   0.000 s avg)

     Called by h_psi:
     add_vuspsi   :     0.06s CPU (    6461 calls,   0.000 s avg)

     General routines
     calbec       :     0.07s CPU (   12980 calls,   0.000 s avg)
     cft3s        :     1.54s CPU (   18687 calls,   0.000 s avg)
     interpolate  :     0.02s CPU (      15 calls,   0.002 s avg)
     davcio       :     0.00s CPU (     696 calls,   0.000 s avg)
 
     Parallel routines
