start john_fukui
title "John's example for Fukui"

geometry units an noautoz nocenter noautosym
    C 3.1917 0.2147 0.0315
    C 1.9724 0.9346 0.0106
    C 4.4169 0.9242 0.0424
    C 3.177 -1.2037 0.0745
    C 0.7417 0.2446 0.0699
    C 1.9819 2.3475 -0.0533
    C 4.4077 2.3292 -0.0138
    C 5.5858 0.262 0.1251
    C 1.9373 -1.8632 0.2049
    C 4.4878 -1.9499 0.0578
    C 0.7364 -1.15 0.183
    C -0.4626 0.9651 0.0415
    C 3.2035 3.0322 -0.072
    C 0.7675 3.0509 -0.0854
    C 5.6258 -1.2161 0.1482
    C -0.4469 2.3599 -0.0413
    N 4.5391 -3.3182 -0.0612
    O 3.6348 -3.9059 -0.8371
    O 5.6386 -3.8608 0.0061
    H 5.3364 2.8886 -0.0117
    H 6.4418 0.7519 0.1481
    H 1.8911 -2.8338 0.3323
    H -0.1138 -1.6393 0.2585
    H -1.4145 0.4489 0.0866
    H 3.2272 4.1146 -0.1171
    H 0.7602 4.0333 -0.1339
    H 6.6049 -1.6855 0.1632
    H -1.2945 2.8568 -0.0611
    H 5.5481 -4.8054 -0.2938
end

basis
  H library 6-31g**
  C library 6-31g**
  N library 6-31g**
  O library 6-31g**
end 

dft
  xc b3lyp
end

set dft:condfukui 1
task dft
