
     Program PWSCF     v.4.1CVS starts ...
     Today is 27Jan2009 at 19:58: 5 

     Parallel version (MPI)

     Number of processors in use:       4
     R & G space division:  proc/pool =    4

     For Norm-Conserving or Ultrasoft (Vanderbilt) Pseudopotentials or PAW

     Current dimensions of program pwscf are:
     Max number of different atomic species (ntypx) = 10
     Max number of k-points (npk) =  40000
     Max angular momentum in pseudopotentials (lmaxx) =  3

     Subspace diagonalization in iterative solution of the eigenvalue problem:
     a parallel distributed memory algorithm will be used,
     eigenstates matrixes will be distributed block like on
     ortho sub-group =    2*   2 procs


     Planes per process (thick) : nr3 = 45 npp =  12 ncplane = 2025
     Planes per process (smooth): nr3s= 30 npps=   8 ncplanes=  900
 
     Proc/  planes cols     G    planes cols    G      columns  G
     Pool       (dense grid)       (smooth grid)      (wavefct grid)
       1     12    307     6804    8    155     2420     50      431
       2     11    306     6801    8    155     2427     49      430
       3     11    307     6803    7    154     2419     49      430
       4     11    307     6803    7    155     2427     49      430
     tot     45   1227    27211   30    619     9693    197     1721
 


     bravais-lattice index     =            3
     lattice parameter (a_0)   =       9.5346  a.u.
     unit-cell volume          =     433.3886 (a.u.)^3
     number of atoms/cell      =            1
     number of atomic types    =            1
     number of electrons       =         9.00
     number of Kohn-Sham states=            9
     kinetic-energy cutoff     =      30.0000  Ry
     charge density cutoff     =     240.0000  Ry
     convergence threshold     =      1.0E-08
     mixing beta               =       0.7000
     number of iterations used =            8  plain     mixing
     Exchange-correlation      =  SLA  PZ   NOGX NOGC (1100)

     celldm(1)=   9.534600  celldm(2)=   0.000000  celldm(3)=   0.000000
     celldm(4)=   0.000000  celldm(5)=   0.000000  celldm(6)=   0.000000

     crystal axes: (cart. coord. in units of a_0)
               a(1) = (  0.500000  0.500000  0.500000 )  
               a(2) = ( -0.500000  0.500000  0.500000 )  
               a(3) = ( -0.500000 -0.500000  0.500000 )  

     reciprocal axes: (cart. coord. in units 2 pi/a_0)
               b(1) = (  1.000000  0.000000  1.000000 )  
               b(2) = ( -1.000000  1.000000  0.000000 )  
               b(3) = (  0.000000 -1.000000  1.000000 )  


     PseudoPot. # 1 for K  read from file K.pz-sp-van.UPF
     Pseudo is Ultrasoft, Zval =  9.0
     Generated by new atomic code, or converted to UPF format
     Using radial grid of  841 points,  6 beta functions with: 
                l(1) =   0
                l(2) =   0
                l(3) =   1
                l(4) =   1
                l(5) =   2
                l(6) =   2
     Q(r) pseudized with  8 coefficients,  rinner =    0.800   0.800   0.800
                                                       0.800   0.800

     atomic species   valence    mass     pseudopotential
        K              9.00    39.09830     K ( 1.00)

     48 Sym.Ops. (with inversion)


   Cartesian axes

     site n.     atom                  positions (a_0 units)
         1           K   tau(  1) = (   0.0000000   0.0000000   0.0000000  )

     number of k points=   20  gaussian broad. (Ry)=  0.0250     ngauss =   1
                       cart. coord. in units 2pi/a_0
        k(    1) = (   0.0000000   0.0000000   0.1428571), wk =   0.0349854
        k(    2) = (   0.0000000  -0.1428571   0.2857143), wk =   0.1399417
        k(    3) = (   0.0000000  -0.2857143   0.4285714), wk =   0.1399417
        k(    4) = (   0.0000000   0.5714286  -0.4285714), wk =   0.0699708
        k(    5) = (  -0.1428571   0.1428571   0.1428571), wk =   0.0466472
        k(    6) = (  -0.1428571  -0.1428571   0.4285714), wk =   0.1399417
        k(    7) = (  -0.1428571   0.7142857  -0.4285714), wk =   0.2798834
        k(    8) = (  -0.2857143   0.2857143   0.1428571), wk =   0.1399417
        k(    9) = (  -0.2857143   0.7142857  -0.2857143), wk =   0.0466472
        k(   10) = (   0.5714286  -0.5714286   0.1428571), wk =   0.1399417
        k(   11) = (   0.5714286  -0.7142857   0.2857143), wk =   0.1399417
        k(   12) = (   0.4285714  -0.5714286   0.2857143), wk =   0.1399417
        k(   13) = (   0.0000000   0.0000000   0.4285714), wk =   0.0349854
        k(   14) = (   0.0000000  -0.1428571   0.5714286), wk =   0.1399417
        k(   15) = (   0.0000000   0.7142857  -0.2857143), wk =   0.0699708
        k(   16) = (  -0.1428571   0.8571429  -0.2857143), wk =   0.1399417
        k(   17) = (   0.5714286  -0.5714286   0.4285714), wk =   0.0466472
        k(   18) = (   0.0000000   0.0000000   0.7142857), wk =   0.0349854
        k(   19) = (   0.0000000   0.8571429  -0.1428571), wk =   0.0699708
        k(   20) = (   0.0000000   0.0000000  -1.0000000), wk =   0.0058309

     G cutoff =  552.6580  (  27211 G-vectors)     FFT grid: ( 45, 45, 45)
     G cutoff =  276.3290  (   9693 G-vectors)  smooth grid: ( 30, 30, 30)

     Largest allocated arrays     est. size (Mb)     dimensions
        Kohn-Sham Wavefunctions         0.04 Mb     (    320,   9)
        NL pseudopotentials             0.09 Mb     (    320,  18)
        Each V/rho on FFT grid          0.37 Mb     (  24300)
        Each G-vector array             0.05 Mb     (   6804)
        G-vector shells                 0.00 Mb     (    251)
     Largest temporary arrays     est. size (Mb)     dimensions
        Auxiliary wavefunctions         0.18 Mb     (    320,  36)
        Each subspace H/S matrix        0.02 Mb     (     36,  36)
        Each <psi_i|beta_j> matrix      0.00 Mb     (     18,   9)
        Arrays for rho mixing           2.97 Mb     (  24300,   8)

     Initial potential from superposition of free atoms

     starting charge    8.98437, renormalised to    9.00000
     Starting wfc are    5 atomic +    4 random wfc

     total cpu time spent up to now is      0.69 secs

     per-process dynamical memory:    23.2 Mb

     Self-consistent Calculation

     iteration #  1     ecut=    30.00 Ry     beta=0.70
     Davidson diagonalization with overlap
     ethr =  1.00E-02,  avg # of iterations =  5.9

     Threshold (ethr) on eigenvalues was too large:
     Diagonalizing with lowered threshold

     Davidson diagonalization with overlap
     ethr =  1.35E-05,  avg # of iterations =  6.4

     total cpu time spent up to now is      6.80 secs

     total energy              =   -56.53080561 Ry
     Harris-Foulkes estimate   =   -56.53144273 Ry
     estimated scf accuracy    <     0.00121146 Ry

     iteration #  2     ecut=    30.00 Ry     beta=0.70
     Davidson diagonalization with overlap
     ethr =  1.35E-05,  avg # of iterations =  2.0

     total cpu time spent up to now is      7.92 secs

     total energy              =   -56.53102628 Ry
     Harris-Foulkes estimate   =   -56.53104681 Ry
     estimated scf accuracy    <     0.00009425 Ry

     iteration #  3     ecut=    30.00 Ry     beta=0.70
     Davidson diagonalization with overlap
     ethr =  1.05E-06,  avg # of iterations =  1.4

     total cpu time spent up to now is      8.65 secs

     total energy              =   -56.53103519 Ry
     Harris-Foulkes estimate   =   -56.53103453 Ry
     estimated scf accuracy    <     0.00000573 Ry

     iteration #  4     ecut=    30.00 Ry     beta=0.70
     Davidson diagonalization with overlap
     ethr =  6.36E-08,  avg # of iterations =  1.4

     total cpu time spent up to now is      9.38 secs

     total energy              =   -56.53103552 Ry
     Harris-Foulkes estimate   =   -56.53103551 Ry
     estimated scf accuracy    <     0.00000002 Ry

     iteration #  5     ecut=    30.00 Ry     beta=0.70
     Davidson diagonalization with overlap
     ethr =  2.65E-10,  avg # of iterations =  2.5

     total cpu time spent up to now is     10.62 secs

     End of self-consistent calculation

          k = 0.0000 0.0000 0.1429 (  1205 PWs)   bands (ev):

   -29.6005 -13.2350 -13.2311 -13.2311  -0.0407   6.3423   6.3423   6.5506
     7.0850

          k = 0.0000-0.1429 0.2857 (  1201 PWs)   bands (ev):

   -29.5977 -13.2719 -13.2439 -13.2320   0.5107   5.5085   5.9174   6.8108
     6.9927

          k = 0.0000-0.2857 0.4286 (  1193 PWs)   bands (ev):

   -29.5942 -13.3185 -13.2597 -13.2317   1.5194   4.2053   5.4943   6.9020
     7.8297

          k = 0.0000 0.5714-0.4286 (  1218 PWs)   bands (ev):

   -29.5927 -13.3389 -13.2668 -13.2316   2.6465   3.0164   5.3342   6.8224
     7.9335

          k =-0.1429 0.1429 0.1429 (  1199 PWs)   bands (ev):

   -29.5990 -13.2607 -13.2314 -13.2314   0.2387   5.9039   5.9039   6.8359
     7.3763

          k =-0.1429-0.1429 0.4286 (  1214 PWs)   bands (ev):

   -29.5946 -13.3023 -13.2597 -13.2397   1.2838   4.7784   5.3717   6.7116
     7.4311

          k =-0.1429 0.7143-0.4286 (  1205 PWs)   bands (ev):

   -29.5922 -13.3255 -13.2779 -13.2409   2.4255   3.7079   4.9128   6.7547
     7.5746

          k =-0.2857 0.2857 0.1429 (  1201 PWs)   bands (ev):

   -29.5958 -13.3013 -13.2488 -13.2322   1.0325   4.8345   5.3670   7.3499
     7.4697

          k =-0.2857 0.7143-0.2857 (  1208 PWs)   bands (ev):

   -29.5913 -13.3080 -13.3080 -13.2436   3.4614   3.4614   3.9222   7.3625
     7.4831

          k = 0.5714-0.5714 0.1429 (  1202 PWs)   bands (ev):

   -29.5933 -13.3305 -13.2655 -13.2328   2.1988   3.5741   5.0682   7.1922
     7.9322

          k = 0.5714-0.7143 0.2857 (  1202 PWs)   bands (ev):

   -29.5935 -13.3181 -13.2651 -13.2419   1.9997   4.2338   4.6242   7.0829
     7.6170

          k = 0.4286-0.5714 0.2857 (  1195 PWs)   bands (ev):

   -29.5925 -13.3171 -13.2827 -13.2444   3.1869   3.2439   4.3411   6.6558
     7.8389

          k = 0.0000 0.0000 0.4286 (  1204 PWs)   bands (ev):

   -29.5951 -13.2767 -13.2573 -13.2573   1.0349   5.4345   5.8645   5.8645
     7.1655

          k = 0.0000-0.1429 0.5714 (  1206 PWs)   bands (ev):

   -29.5919 -13.3105 -13.2740 -13.2603   1.9902   4.3752   5.6625   5.8923
     7.2476

          k = 0.0000 0.7143-0.2857 (  1192 PWs)   bands (ev):

   -29.5905 -13.3278 -13.2814 -13.2591   3.1741   3.2058   5.5610   5.6965
     7.3694

          k =-0.1429 0.8571-0.2857 (  1196 PWs)   bands (ev):

   -29.5897 -13.3165 -13.2968 -13.2657   2.9972   3.8784   4.8052   6.3941
     6.8690

          k = 0.5714-0.5714 0.4286 (  1190 PWs)   bands (ev):

   -29.5926 -13.3053 -13.2695 -13.2695   3.0415   3.9708   3.9708   5.9454
     8.0394

          k = 0.0000 0.0000 0.7143 (  1212 PWs)   bands (ev):

   -29.5890 -13.3040 -13.2918 -13.2918   2.7920   4.2051   5.8218   5.8218
     6.2007

          k = 0.0000 0.8571-0.1429 (  1212 PWs)   bands (ev):

   -29.5878 -13.3139 -13.2996 -13.2929   3.5462   3.7383   5.4300   5.8671
     6.4887

          k = 0.0000 0.0000-1.0000 (  1264 PWs)   bands (ev):

   -29.5866 -13.3077 -13.3077 -13.3077   3.7769   3.7769   6.0133   6.0133
     6.0134

     the Fermi energy is     2.1828 ev

!    total energy              =   -56.53103553 Ry
     Harris-Foulkes estimate   =   -56.53103553 Ry
     estimated scf accuracy    <        1.3E-09 Ry

     The total energy is the sum of the following terms:

     one-electron contribution =   -35.32792920 Ry
     hartree contribution      =    18.09910613 Ry
     xc contribution           =    -8.38503769 Ry
     ewald contribution        =   -30.91665193 Ry
     smearing contrib. (-TS)   =    -0.00052284 Ry

     convergence has been achieved in   5 iterations

     Writing output data file k-bulk.save
 
     PWSCF        :    10.80s CPU time,   15.34s wall time

     init_run     :     0.58s CPU
     electrons    :     9.92s CPU

     Called by init_run:
     wfcinit      :     0.18s CPU
     potinit      :     0.02s CPU

     Called by electrons:
     c_bands      :     8.52s CPU (       6 calls,   1.420 s avg)
     sum_band     :     1.01s CPU (       6 calls,   0.168 s avg)
     v_of_rho     :     0.05s CPU (       6 calls,   0.008 s avg)
     newd         :     0.29s CPU (       6 calls,   0.048 s avg)
     mix_rho      :     0.03s CPU (       6 calls,   0.005 s avg)

     Called by c_bands:
     init_us_2    :     0.08s CPU (     260 calls,   0.000 s avg)
     cegterg      :     8.36s CPU (     120 calls,   0.070 s avg)

     Called by *egterg:
     h_psi        :     2.47s CPU (     536 calls,   0.005 s avg)
     s_psi        :     0.09s CPU (     536 calls,   0.000 s avg)
     g_psi        :     0.02s CPU (     396 calls,   0.000 s avg)
     cdiaghg      :     5.41s CPU (     496 calls,   0.011 s avg)

     Called by h_psi:
     add_vuspsi   :     0.08s CPU (     536 calls,   0.000 s avg)

     General routines
     calbec       :     0.14s CPU (     656 calls,   0.000 s avg)
     cft3s        :     2.51s CPU (    7553 calls,   0.000 s avg)
     interpolate  :     0.04s CPU (      12 calls,   0.004 s avg)
     davcio       :     0.01s CPU (     380 calls,   0.000 s avg)
 
     Parallel routines
     fft_scatter  :     0.63s CPU (    7553 calls,   0.000 s avg)
