


   Cartesian axes

     site n.     atom                  positions (a_0 units)
         1           Cu  tau(  1) = (   0.0000000   0.0000000   0.0000000  )

     number of k points=   29  gaussian broad. (Ry)=  0.0200     ngauss =   0
                       cart. coord. in units 2pi/a_0
        k(    1) = (   0.0000000   0.0000000   0.0000000), wk =   0.0039062
        k(    2) = (  -0.1250000   0.1250000  -0.1250000), wk =   0.0312500
        k(    3) = (  -0.2500000   0.2500000  -0.2500000), wk =   0.0312500
        k(    4) = (  -0.3750000   0.3750000  -0.3750000), wk =   0.0312500
        k(    5) = (   0.5000000  -0.5000000   0.5000000), wk =   0.0156250
        k(    6) = (   0.0000000   0.2500000   0.0000000), wk =   0.0234375
        k(    7) = (  -0.1250000   0.3750000  -0.1250000), wk =   0.0937500
        k(    8) = (  -0.2500000   0.5000000  -0.2500000), wk =   0.0937500
        k(    9) = (   0.6250000  -0.3750000   0.6250000), wk =   0.0937500
        k(   10) = (   0.5000000  -0.2500000   0.5000000), wk =   0.0937500
        k(   11) = (   0.3750000  -0.1250000   0.3750000), wk =   0.0937500
        k(   12) = (   0.2500000   0.0000000   0.2500000), wk =   0.0468750
        k(   13) = (   0.0000000   0.5000000   0.0000000), wk =   0.0234375
        k(   14) = (  -0.1250000   0.6250000  -0.1250000), wk =   0.0937500
        k(   15) = (   0.7500000  -0.2500000   0.7500000), wk =   0.0937500
        k(   16) = (   0.6250000  -0.1250000   0.6250000), wk =   0.0937500
        k(   17) = (   0.5000000   0.0000000   0.5000000), wk =   0.0468750
        k(   18) = (   0.0000000   0.7500000   0.0000000), wk =   0.0234375
        k(   19) = (   0.8750000  -0.1250000   0.8750000), wk =   0.0937500
        k(   20) = (   0.7500000   0.0000000   0.7500000), wk =   0.0468750
        k(   21) = (   0.0000000  -1.0000000   0.0000000), wk =   0.0117188
        k(   22) = (  -0.2500000   0.5000000   0.0000000), wk =   0.0937500
        k(   23) = (   0.6250000  -0.3750000   0.8750000), wk =   0.1875000
        k(   24) = (   0.5000000  -0.2500000   0.7500000), wk =   0.0937500
        k(   25) = (   0.7500000  -0.2500000   1.0000000), wk =   0.0937500
        k(   26) = (   0.6250000  -0.1250000   0.8750000), wk =   0.1875000
        k(   27) = (   0.5000000   0.0000000   0.7500000), wk =   0.0937500
        k(   28) = (  -0.2500000  -1.0000000   0.0000000), wk =   0.0468750
        k(   29) = (  -0.5000000  -1.0000000   0.0000000), wk =   0.0234375

     G cutoff =  344.1848  (   6735 G-vectors)     FFT grid: ( 27, 27, 27)
     G cutoff =  114.7283  (   1243 G-vectors)  smooth grid: ( 15, 15, 15)

