 argument  1 = Ne_scf-mp2_cc-vqz.nw



============================== echo of input deck ==============================
echo

start Ne_scf-mp2_cc-vqz

memory total 1000 mb

geometry
 Ne     0.0 0.0 0.0
end

basis "ao basis" spherical
  * library cc-pvqz
end

mp2
  freeze 0
  scratchdisk 4096
end

task mp2 energy

task direct_mp2 energy

# This won't reproduce Turbomole exactly because it's not the same basis
# but it should come darn close to the complete DFT result
basis "cc-pVQZ-RI" spherical
#BASIS SET: (8s,7p,6d,5f,3g,1h)
Ne    S
    537.49100000             1.0000000
Ne    S
    116.22800000             1.0000000
Ne    S
     34.986200000            1.0000000
Ne    S
      8.0017500000           1.0000000
Ne    S
      4.4437800000           1.0000000
Ne    S
      2.4229600000           1.0000000
Ne    S
      1.1501200000           1.0000000
Ne    S
      0.47590500000          1.0000000
Ne    P
     99.166000000            1.0000000
Ne    P
     28.822000000            1.0000000
Ne    P
      8.4094200000           1.0000000
Ne    P
      5.5649600000           1.0000000
Ne    P
      2.6574400000           1.0000000
Ne    P
      1.3281700000           1.0000000
Ne    P
      0.73485000000          1.0000000
Ne    D
     28.745200000            1.0000000
Ne    D
      8.9240100000           1.0000000
Ne    D
      5.9214600000           1.0000000
Ne    D
      2.7948000000           1.0000000
Ne    D
      1.6289400000           1.0000000
Ne    D
      0.59989500000          1.0000000
Ne    F
     13.309000000            1.0000000
Ne    F
      6.5987600000           1.0000000
Ne    F
      3.0465600000           1.0000000
Ne    F
      2.0938000000           1.0000000
Ne    F
      1.0360700000           1.0000000
Ne    G
      8.2858100000           1.0000000
Ne    G
      4.2402700000           1.0000000
Ne    G
      2.2925000000           1.0000000
Ne    H
      4.4923100000           1.0000000
end

set "ri-mp2 basis" "cc-pVQZ-RI"

task rimp2 energy
================================================================================


                                         
                                         


              Northwest Computational Chemistry Package (NWChem) 6.0
              ------------------------------------------------------


                    Environmental Molecular Sciences Laboratory
                       Pacific Northwest National Laboratory
                                Richland, WA 99352

                              Copyright (c) 1994-2010
                       Pacific Northwest National Laboratory
                            Battelle Memorial Institute

             NWChem is an open-source computational chemistry package
                        distributed under the terms of the
                      Educational Community License (ECL) 2.0
             A copy of the license is included with this distribution
                              in the LICENSE.TXT file

                                  ACKNOWLEDGMENT
                                  --------------

            This software and its documentation were developed at the
            EMSL at Pacific Northwest National Laboratory, a multiprogram
            national laboratory, operated for the U.S. Department of Energy
            by Battelle under Contract Number DE-AC05-76RL01830. Support
            for this work was provided by the Department of Energy Office
            of Biological and Environmental Research, Office of Basic
            Energy Sciences, and the Office of Advanced Scientific Computing.


           Job information
           ---------------

    hostname      = arcen
    program       = /home/d3y133/nwchem-releases/nwchem-6.0-gfortran/bin/LINUX64/nwchem
    date          = Fri Aug  6 15:50:07 2010

    compiled      = Fri_Aug_06_13:42:42_2010
    source        = /home/d3y133/nwchem-releases/nwchem-6.0-gfortran
    nwchem branch = 6.0
    input         = Ne_scf-mp2_cc-vqz.nw
    prefix        = Ne_scf-mp2_cc-vqz.
    data base     = ./Ne_scf-mp2_cc-vqz.db
    status        = startup
    nproc         =        4
    time left     =     -1s



           Memory information
           ------------------

    heap     =   32768001 doubles =    250.0 Mbytes
    stack    =   32768001 doubles =    250.0 Mbytes
    global   =   65536000 doubles =    500.0 Mbytes (distinct from heap & stack)
    total    =  131072002 doubles =   1000.0 Mbytes
    verify   = yes
    hardfail = no 


           Directory information
           ---------------------

  0 permanent = .
  0 scratch   = .




                                NWChem Input Module
                                -------------------



 Scaling coordinates for geometry "geometry" by  1.889725989
 (inverse scale =  0.529177249)



                             Geometry "geometry" -> ""
                             -------------------------

 Output coordinates in angstroms (scale by  1.889725989 to convert to a.u.)

  No.       Tag          Charge          X              Y              Z
 ---- ---------------- ---------- -------------- -------------- --------------
    1 Ne                  10.0000     0.00000000     0.00000000     0.00000000

      Atomic Mass 
      ----------- 

      Ne                19.992440


 Effective nuclear repulsion energy (a.u.)       0.0000000000

            Nuclear Dipole moment (a.u.) 
            ----------------------------
        X                 Y               Z
 ---------------- ---------------- ----------------
     0.0000000000     0.0000000000     0.0000000000


            XYZ format geometry
            -------------------
     1
 geometry
 Ne                    0.00000000     0.00000000     0.00000000

  library name resolved from: .nwchemrc
  library file name is: </home/d3y133/nwchem-releases/nwchem-6.0-gfortran/QA/../src/basis/libraries/>
  


 Summary of "ao basis" -> "" (spherical)
 ------------------------------------------------------------------------------
       Tag                 Description            Shells   Functions and Types
 ---------------- ------------------------------  ------  ---------------------
 *                          cc-pvqz                   on all atoms 


                      Basis "ao basis" -> "ao basis" (spherical)
                      -----
  Ne (Neon)
  ---------
            Exponent  Coefficients 
       -------------- ---------------------------------------------------------
  1 S  9.99200000E+04  0.000086
  1 S  1.49600000E+04  0.000669
  1 S  3.39900000E+03  0.003518
  1 S  9.58900000E+02  0.014667
  1 S  3.11200000E+02  0.050962
  1 S  1.11700000E+02  0.143744
  1 S  4.33200000E+01  0.304562
  1 S  1.78000000E+01  0.400105
  1 S  7.50300000E+00  0.218644

  2 S  9.99200000E+04 -0.000020
  2 S  1.49600000E+04 -0.000158
  2 S  3.39900000E+03 -0.000824
  2 S  9.58900000E+02 -0.003500
  2 S  3.11200000E+02 -0.012233
  2 S  1.11700000E+02 -0.037017
  2 S  4.33200000E+01 -0.086113
  2 S  1.78000000E+01 -0.158381
  2 S  7.50300000E+00 -0.114288

  3 S  2.33700000E+00  1.000000

  4 S  9.00100000E-01  1.000000

  5 S  3.30100000E-01  1.000000

  6 P  9.96800000E+01  0.006566
  6 P  2.31500000E+01  0.045979
  6 P  7.10800000E+00  0.173419

  7 P  2.44100000E+00  1.000000

  8 P  8.33900000E-01  1.000000

  9 P  2.66200000E-01  1.000000

 10 D  6.47100000E+00  1.000000

 11 D  2.21300000E+00  1.000000

 12 D  7.47000000E-01  1.000000

 13 F  4.65700000E+00  1.000000

 14 F  1.52400000E+00  1.000000

 15 G  2.98300000E+00  1.000000



 Summary of "ao basis" -> "ao basis" (spherical)
 ------------------------------------------------------------------------------
       Tag                 Description            Shells   Functions and Types
 ---------------- ------------------------------  ------  ---------------------
 Ne                         cc-pvqz                 15       55   5s4p3d2f1g


                                 NWChem SCF Module
                                 -----------------



  ao basis        = "ao basis"
  functions       =    55
  atoms           =     1
  closed shells   =     5
  open shells     =     0
  charge          =   0.00
  wavefunction    = RHF 
  input vectors   = atomic
  output vectors  = ./Ne_scf-mp2_cc-vqz.movecs
  use symmetry    = F
  symmetry adapt  = F


 Summary of "ao basis" -> "ao basis" (spherical)
 ------------------------------------------------------------------------------
       Tag                 Description            Shells   Functions and Types
 ---------------- ------------------------------  ------  ---------------------
 Ne                         cc-pvqz                 15       55   5s4p3d2f1g



 Forming initial guess at       0.1s


      Superposition of Atomic Density Guess
      -------------------------------------

 Sum of atomic energies:        -128.54346269

      Non-variational initial energy
      ------------------------------

 Total energy =    -128.543470
 1-e energy   =    -182.591517
 2-e energy   =      54.048048
 HOMO         =      -0.848959
 LUMO         =       0.808904


 Starting SCF solution at       0.2s



 ----------------------------------------------
         Quadratically convergent ROHF

 Convergence threshold     :          1.000E-06
 Maximum no. of iterations :           30
 Final Fock-matrix accuracy:          1.000E-08
 ----------------------------------------------


 #quartets = 7.260D+03 #integrals = 1.371D+05 #direct =  0.0% #cached =100.0%


 Integral file          = ./Ne_scf-mp2_cc-vqz.aoints.0
 Record size in doubles =  65536        No. of integs per rec  =  43688
 Max. records in memory =     11        Max. records in file   =  26331
 No. of bits per label  =      8        No. of bits per value  =     64


File balance: exchanges=     0  moved=     0  time=   0.0


              iter       energy          gnorm     gmax       time
             ----- ------------------- --------- --------- --------
                 1     -128.5434696592  1.17D-06  8.73D-07      0.4
                 2     -128.5434696592  9.86D-09  4.77D-09      0.4


       Final RHF  results 
       ------------------ 

         Total SCF energy =   -128.543469659237
      One-electron energy =   -182.591517776949
      Two-electron energy =     54.048048117712
 Nuclear repulsion energy =      0.000000000000

        Time for solution =      0.2s


             Final eigenvalues
             -----------------

              1      
    1  -32.7715
    2   -1.9293
    3   -0.8490
    4   -0.8490
    5   -0.8490
    6    0.8089
    7    0.8089
    8    0.8089
    9    0.9356
   10    1.9978
   11    1.9978
   12    1.9978
   13    1.9978
   14    1.9978
   15    3.9328

                       ROHF Final Molecular Orbital Analysis
                       -------------------------------------

 Vector    2  Occ=2.000000D+00  E=-1.929338D+00
              MO Center= -1.2D-16, -1.6D-16, -8.6D-16, r^2= 2.7D-01
   Bfn.  Coefficient  Atom+Function         Bfn.  Coefficient  Atom+Function  
  ----- ------------  ---------------      ----- ------------  ---------------
     4      0.585787  1 Ne s                  2      0.364968  1 Ne s          
     3      0.298187  1 Ne s                  5      0.272466  1 Ne s          

 Vector    3  Occ=2.000000D+00  E=-8.489590D-01
              MO Center=  8.2D-17,  1.9D-16, -4.0D-17, r^2= 3.4D-01
   Bfn.  Coefficient  Atom+Function         Bfn.  Coefficient  Atom+Function  
  ----- ------------  ---------------      ----- ------------  ---------------
    13      0.295380  1 Ne py                14     -0.276569  1 Ne pz         
    10      0.245757  1 Ne py                11     -0.230106  1 Ne pz         
    12      0.168126  1 Ne px                16      0.162916  1 Ne py         
    17     -0.152541  1 Ne pz         

 Vector    4  Occ=2.000000D+00  E=-8.489590D-01
              MO Center= -1.1D-16,  1.9D-16,  8.2D-17, r^2= 3.4D-01
   Bfn.  Coefficient  Atom+Function         Bfn.  Coefficient  Atom+Function  
  ----- ------------  ---------------      ----- ------------  ---------------
    12      0.356081  1 Ne px                 9      0.296260  1 Ne px         
    13     -0.250260  1 Ne py                10     -0.208217  1 Ne py         
    15      0.196396  1 Ne px                 6      0.169515  1 Ne px         

 Vector    5  Occ=2.000000D+00  E=-8.489590D-01
              MO Center=  3.4D-16,  6.9D-16,  8.8D-16, r^2= 3.4D-01
   Bfn.  Coefficient  Atom+Function         Bfn.  Coefficient  Atom+Function  
  ----- ------------  ---------------      ----- ------------  ---------------
    14      0.336055  1 Ne pz                11      0.279598  1 Ne pz         
    13      0.205248  1 Ne py                12      0.192215  1 Ne px         
    17      0.185351  1 Ne pz                10      0.170767  1 Ne py         
     8      0.159981  1 Ne pz                 9      0.159923  1 Ne px         

 Vector    6  Occ=0.000000D+00  E= 8.089041D-01
              MO Center= -3.1D-16, -1.1D-16, -7.4D-19, r^2= 1.6D+00
   Bfn.  Coefficient  Atom+Function         Bfn.  Coefficient  Atom+Function  
  ----- ------------  ---------------      ----- ------------  ---------------
    17      1.188511  1 Ne pz                14     -0.668352  1 Ne pz         
    15      0.431996  1 Ne px                12     -0.242930  1 Ne px         

 Vector    7  Occ=0.000000D+00  E= 8.089041D-01
              MO Center=  1.3D-15, -8.8D-16, -8.0D-16, r^2= 1.6D+00
   Bfn.  Coefficient  Atom+Function         Bfn.  Coefficient  Atom+Function  
  ----- ------------  ---------------      ----- ------------  ---------------
    15      0.963030  1 Ne px                16     -0.718229  1 Ne py         
    12     -0.541553  1 Ne px                17     -0.405290  1 Ne pz         
    13      0.403891  1 Ne py                14      0.227912  1 Ne pz         

 Vector    8  Occ=0.000000D+00  E= 8.089041D-01
              MO Center= -2.2D-15, -4.3D-15, -3.6D-16, r^2= 1.6D+00
   Bfn.  Coefficient  Atom+Function         Bfn.  Coefficient  Atom+Function  
  ----- ------------  ---------------      ----- ------------  ---------------
    16      1.040830  1 Ne py                15      0.702490  1 Ne px         
    13     -0.585304  1 Ne py                12     -0.395041  1 Ne px         
    17     -0.175271  1 Ne pz         

 Vector    9  Occ=0.000000D+00  E= 9.355999D-01
              MO Center=  7.5D-16,  2.9D-15,  3.8D-16, r^2= 1.1D+00
   Bfn.  Coefficient  Atom+Function         Bfn.  Coefficient  Atom+Function  
  ----- ------------  ---------------      ----- ------------  ---------------
     5      1.914942  1 Ne s                  4     -1.861597  1 Ne s          
     3      0.156989  1 Ne s          

 Vector   10  Occ=0.000000D+00  E= 1.997811D+00
              MO Center= -1.0D-16,  3.5D-17,  5.1D-17, r^2= 6.9D-01
   Bfn.  Coefficient  Atom+Function         Bfn.  Coefficient  Atom+Function  
  ----- ------------  ---------------      ----- ------------  ---------------
    29      0.861455  1 Ne d -1              28     -0.555662  1 Ne d -2       
    31      0.217413  1 Ne d  1       

 Vector   11  Occ=0.000000D+00  E= 1.997811D+00
              MO Center= -1.7D-16, -2.3D-16, -2.7D-17, r^2= 6.9D-01
   Bfn.  Coefficient  Atom+Function         Bfn.  Coefficient  Atom+Function  
  ----- ------------  ---------------      ----- ------------  ---------------
    31      0.642427  1 Ne d  1              28     -0.582366  1 Ne d -2       
    29     -0.539083  1 Ne d -1              32      0.238198  1 Ne d  2       

 Vector   12  Occ=0.000000D+00  E= 1.997811D+00
              MO Center=  4.5D-16, -2.7D-16, -1.3D-16, r^2= 6.9D-01
   Bfn.  Coefficient  Atom+Function         Bfn.  Coefficient  Atom+Function  
  ----- ------------  ---------------      ----- ------------  ---------------
    32      1.010951  1 Ne d  2              28      0.191161  1 Ne d -2       
    29      0.180759  1 Ne d -1       

 Vector   13  Occ=0.000000D+00  E= 1.997811D+00
              MO Center= -3.1D-16, -1.0D-16, -8.5D-17, r^2= 6.9D-01
   Bfn.  Coefficient  Atom+Function         Bfn.  Coefficient  Atom+Function  
  ----- ------------  ---------------      ----- ------------  ---------------
    31      0.802868  1 Ne d  1              28      0.632533  1 Ne d -2       
    29      0.205424  1 Ne d -1       

 Vector   14  Occ=0.000000D+00  E= 1.997811D+00
              MO Center=  2.8D-16,  1.4D-15,  2.3D-16, r^2= 6.9D-01
   Bfn.  Coefficient  Atom+Function         Bfn.  Coefficient  Atom+Function  
  ----- ------------  ---------------      ----- ------------  ---------------
    30      1.035993  1 Ne d  0              28      0.151786  1 Ne d -2       

 Vector   15  Occ=0.000000D+00  E= 3.932819D+00
              MO Center=  2.1D-16,  5.3D-16,  2.7D-17, r^2= 5.9D-01
   Bfn.  Coefficient  Atom+Function         Bfn.  Coefficient  Atom+Function  
  ----- ------------  ---------------      ----- ------------  ---------------
    12      1.341604  1 Ne px                13      1.140909  1 Ne py         
     9     -0.878982  1 Ne px                10     -0.747492  1 Ne py         
    15     -0.551723  1 Ne px                16     -0.469189  1 Ne py         
     6     -0.165957  1 Ne px         


 center of mass
 --------------
 x =   0.00000000 y =   0.00000000 z =   0.00000000

 moments of inertia (a.u.)
 ------------------
           0.000000000000           0.000000000000           0.000000000000
           0.000000000000           0.000000000000           0.000000000000
           0.000000000000           0.000000000000           0.000000000000

  Mulliken analysis of the total density
  --------------------------------------

    Atom       Charge   Shell Charges
 -----------   ------   -------------------------------------------------------
    1 Ne  10    10.00   1.98 -0.02  0.46  1.11  0.47  0.73  1.92  2.41  0.95  0.00  0.00  0.00  0.00  0.00  0.00

       Multipole analysis of the density wrt the origin
       ------------------------------------------------

     L   x y z        total         open         nuclear
     -   - - -        -----         ----         -------
     0   0 0 0      0.000000      0.000000     10.000000

     1   1 0 0      0.000000      0.000000      0.000000
     1   0 1 0      0.000000      0.000000      0.000000
     1   0 0 1      0.000000      0.000000      0.000000

     2   2 0 0     -3.110663      0.000000      0.000000
     2   1 1 0      0.000000      0.000000      0.000000
     2   1 0 1      0.000000      0.000000      0.000000
     2   0 2 0     -3.110663      0.000000      0.000000
     2   0 1 1      0.000000      0.000000      0.000000
     2   0 0 2     -3.110663      0.000000      0.000000


 Parallel integral file used       4 records with       0 large values

                   NWChem MP2 Semi-direct Energy/Gradient Module
                   ---------------------------------------------


  Basis functions       =     55
  Molecular orbitals    =     55
  Frozen core           =      0
  Frozen virtuals       =      0
  Active alpha occupied =      5
  Active beta occupied  =      5
  Active alpha virtual  =     50
  Active beta virtual   =     50
  Use MO symmetry       = F
  Use skeleton AO sym   = F

  AO/Fock/Back tols     =   1.0D-09  1.0D-09  1.0D-09

 GA uses MA = F    GA memory limited = T

 Available: 
  local mem=  6.55D+07
 global mem=  6.55D+07
 local disk=  5.37D+08
   1 passes of   5:        2157137                      22197                    103675.

 Semi-direct pass number   1 of   1  for RHF alpha+beta  at        0.6s
Node 0 wrote      0.8 Mb in      0.0 s     Agg I/O rate:  1601.6 Mb/s
 Done moints_semi at        1.1s
 Done maket at        1.1s
 Done multipass loop at        1.1s


          -------------------------------------------
          SCF energy                -128.543469659237
          Correlation energy          -0.326258443710
          Singlet pairs               -0.205382776573
          Triplet pairs               -0.120875667137
          Total MP2 energy          -128.869728102946
          -------------------------------------------

 -----------------------
 Performance information
 -----------------------

 Timer overhead =  4.00D-07 seconds/call

               Nr. of calls         CPU time (s)                 Wall time (s)                GFlops
             ---------------    -------------------     ------------------------------   -------------------
Name         Min   Avg   Max    Min     Avg     Max     Min     Avg     Max   Mx/calls   Min     Max     Sum
mp2: moin     1     1     1   0.47    0.48    0.48     0.49    0.49    0.49    0.49      0.0     0.0     0.0   
mp2: make     1     1     1   1.10E-2 1.22E-2 1.40E-2  1.61E-2 1.61E-2 1.61E-2 1.61E-2   0.0     0.0     0.0   
mp2: tota     1     1     1   0.61    0.62    0.63     0.64    0.64    0.64    0.64      0.0     0.0     0.0   

 The average no. of pstat calls per process was 3.00D+00
 with a timing overhead of 1.20D-06s


 Task  times  cpu:        1.0s     wall:        1.1s


                                NWChem Input Module
                                -------------------


                                 NWChem SCF Module
                                 -----------------



  ao basis        = "ao basis"
  functions       =    55
  atoms           =     1
  closed shells   =     5
  open shells     =     0
  charge          =   0.00
  wavefunction    = RHF 
  input vectors   = ./Ne_scf-mp2_cc-vqz.movecs
  output vectors  = ./Ne_scf-mp2_cc-vqz.movecs
  use symmetry    = F
  symmetry adapt  = F


 Summary of "ao basis" -> "ao basis" (spherical)
 ------------------------------------------------------------------------------
       Tag                 Description            Shells   Functions and Types
 ---------------- ------------------------------  ------  ---------------------
 Ne                         cc-pvqz                 15       55   5s4p3d2f1g



  The SCF is already converged 

         Total SCF energy =   -128.543469659237

                          Direct MP2
                          ----------
          Basis functions:                       55
          Shells:                                15
          Block length:                          32
          Active occupied range:           1 -    5
          Active virtual range:            6 -   55
          MO coefficients read from:  ./Ne_scf-mp2_cc-vqz.movec
          Operator matrices in core:             15
          AO passes required:                     1
          Use AO Integral blocking
          Twofold algorithm used

     Pass:    1     Index range:    1  -    5     Time:      0.42


          -------------------------------------------
          SCF energy                -128.543469659237
          Correlation energy          -0.326258443710
          Total MP2 energy          -128.869728102946
          -------------------------------------------


          Total MP2 time:           0.48

 Task  times  cpu:        0.5s     wall:        0.5s


                                NWChem Input Module
                                -------------------


  library name resolved from: .nwchemrc
  library file name is: </home/d3y133/nwchem-releases/nwchem-6.0-gfortran/QA/../src/basis/libraries/>
  
                      Basis "cc-pVQZ-RI" -> "" (spherical)
                      -----
  Ne (Neon)
  ---------
            Exponent  Coefficients 
       -------------- ---------------------------------------------------------
  1 S  5.37491000E+02  1.000000

  2 S  1.16228000E+02  1.000000

  3 S  3.49862000E+01  1.000000

  4 S  8.00175000E+00  1.000000

  5 S  4.44378000E+00  1.000000

  6 S  2.42296000E+00  1.000000

  7 S  1.15012000E+00  1.000000

  8 S  4.75905000E-01  1.000000

  9 P  9.91660000E+01  1.000000

 10 P  2.88220000E+01  1.000000

 11 P  8.40942000E+00  1.000000

 12 P  5.56496000E+00  1.000000

 13 P  2.65744000E+00  1.000000

 14 P  1.32817000E+00  1.000000

 15 P  7.34850000E-01  1.000000

 16 D  2.87452000E+01  1.000000

 17 D  8.92401000E+00  1.000000

 18 D  5.92146000E+00  1.000000

 19 D  2.79480000E+00  1.000000

 20 D  1.62894000E+00  1.000000

 21 D  5.99895000E-01  1.000000

 22 F  1.33090000E+01  1.000000

 23 F  6.59876000E+00  1.000000

 24 F  3.04656000E+00  1.000000

 25 F  2.09380000E+00  1.000000

 26 F  1.03607000E+00  1.000000

 27 G  8.28581000E+00  1.000000

 28 G  4.24027000E+00  1.000000

 29 G  2.29250000E+00  1.000000

 30 H  4.49231000E+00  1.000000



 Summary of "cc-pVQZ-RI" -> "" (spherical)
 ------------------------------------------------------------------------------
       Tag                 Description            Shells   Functions and Types
 ---------------- ------------------------------  ------  ---------------------
 Ne                      user specified             30      132   8s7p6d5f3g1h


                                 NWChem SCF Module
                                 -----------------



  ao basis        = "ao basis"
  functions       =    55
  atoms           =     1
  closed shells   =     5
  open shells     =     0
  charge          =   0.00
  wavefunction    = RHF 
  input vectors   = ./Ne_scf-mp2_cc-vqz.movecs
  output vectors  = ./Ne_scf-mp2_cc-vqz.movecs
  use symmetry    = F
  symmetry adapt  = F


 Summary of "ao basis" -> "ao basis" (spherical)
 ------------------------------------------------------------------------------
       Tag                 Description            Shells   Functions and Types
 ---------------- ------------------------------  ------  ---------------------
 Ne                         cc-pvqz                 15       55   5s4p3d2f1g



  The SCF is already converged 

         Total SCF energy =   -128.543469659237

                               NWChem RI-MP2 Module
                               --------------------



 SCF Reference Information:
            File: './Ne_scf-mp2_cc-vqz.movecs'
           Title: ''
    Size (AOxMO):     55 x     55
       Total Occ:              10.00
 RI-MP2 Calculation Information:
          Nr. of AO basis functions:         55
     Nr. of fitting basis functions:        132
               Nr. of MO spin cases:          1
        Nr. of MOs to be correlated:         55
     Nr. of occupied MOs correlated:          5
      Nr. of virtual MOs correlated:         50

          RI integral approximation: 'V'
    Threshold for Schwarz screening:  1.000E-09
 Smallest eigenvalue retained in fit  1.000E-08
     Base file name for MO integrals 'mo3cint'
    Type of storage for MO integrals 'EAF library'

 Transformation block size    5, requiring     1 integral passes.
 XForm_3cInts: Completed     1:    5 pass.             @Fri Aug  6 15:50:09 2010
 Energy evaluation using block sizes     5    5
 RIMP2_V_E2: Approx. ints. done (    1:    5,    1:    5) @Fri Aug  6 15:50:09 2010
 RIMP2_V_E2: Copy to B done (    1:    5,    1:    5)  @Fri Aug  6 15:50:09 2010
 RIMP2_V_E2: Denominators done (    1:    5,    1:    5) @Fri Aug  6 15:50:09 2010
 RIMP2_V_E2: Completed block (    1:    5,    1:    5) @Fri Aug  6 15:50:09 2010


          -------------------------------------------
          SCF energy                -128.543469659237
          Correlation energy          -0.326249829038
          Total MP2 energy          -128.869719488275
          -------------------------------------------

 -----------------------
 Performance information
 -----------------------

 Timer overhead =  4.00D-07 seconds/call

               Nr. of calls         CPU time (s)                 Wall time (s)                GFlops
             ---------------    -------------------     ------------------------------   -------------------
Name         Min   Avg   Max    Min     Avg     Max     Min     Avg     Max   Mx/calls   Min     Max     Sum
Overall       1     1     1   0.20    0.21    0.22     0.23    0.23    0.23    0.23      0.0     0.0     0.0   
3c integr     1     1     1   7.20E-2 7.60E-2 8.20E-2  8.29E-2 8.29E-2 8.29E-2 8.29E-2   0.0     0.0     0.0   
Energy        1     1     1   4.00E-3 4.00E-3 4.00E-3  3.94E-3 3.94E-3 3.94E-3 3.94E-3   0.0     0.0     0.0   
3c integr     1     1     1   4.40E-2 5.77E-2 7.80E-2  4.42E-2 5.88E-2 7.93E-2 7.93E-2   0.0     0.0     0.0   
First 2/3     3     3     3    0.0    1.00E-3 2.00E-3  5.91E-4 9.67E-4 1.15E-3 3.82E-4   0.0     0.0     0.0   
Final 1/3     1     1     1   2.00E-3 2.00E-3 2.00E-3  1.64E-3 1.64E-3 1.64E-3 1.64E-3   0.0     0.0     0.0   
Write 3c      1     1     1    0.0     0.0     0.0     1.49E-4 2.00E-4 2.28E-4 2.28E-4   0.0     0.0     0.0   
Read 3c i     1     1     1    0.0     0.0     0.0     5.82E-5 8.51E-5 9.80E-5 9.80E-5   0.0     0.0     0.0   
Fitting b     1     1     1   1.40E-2 1.52E-2 1.60E-2  1.67E-2 1.67E-2 1.67E-2 1.67E-2   0.0     0.0     0.0   
Schwarz i     1     1     1   3.40E-2 3.77E-2 4.10E-2  4.07E-2 4.08E-2 4.09E-2 4.09E-2   0.0     0.0     0.0   
Form 4ci      1     1     1   2.00E-3 2.00E-3 2.00E-3  2.24E-3 2.24E-3 2.24E-3 2.24E-3   0.0     0.0     0.0   
Form A &      1     1     1   9.99E-4 1.00E-3 1.00E-3  2.82E-4 2.82E-4 2.82E-4 2.82E-4   0.0     0.0     0.0   
Denominat     1     1     1    0.0     0.0     0.0     1.45E-4 1.45E-4 1.46E-4 1.46E-4   0.0     0.0     0.0   
Pair Ener     1     1     1    0.0     0.0     0.0     1.81E-5 1.06E-4 1.70E-4 1.70E-4   0.0     0.0     0.0   

 The average no. of pstat calls per process was 1.60D+01
 with a timing overhead of 6.40D-06s


 Task  times  cpu:        0.2s     wall:        0.2s
 Summary of allocated global arrays
-----------------------------------
  No active global arrays



                         GA Statistics for process    0
                         ------------------------------

       create   destroy   get      put      acc     scatter   gather  read&inc
calls:  110      110     7424     4273     7777        0        0      150     
number of processes/call 1.07e+00 1.17e+00 1.00e+00 0.00e+00 0.00e+00
bytes total:             3.23e+06 2.02e+06 1.82e+06 0.00e+00 0.00e+00 1.20e+03
bytes remote:            1.32e+06 9.41e+05 1.15e+06 0.00e+00 0.00e+00 0.00e+00
Max memory consumed for GA by this process: 1585328 bytes
MA_summarize_allocated_blocks: starting scan ...
MA_summarize_allocated_blocks: scan completed: 0 heap blocks, 0 stack blocks
MA usage statistics:

	allocation statistics:
					      heap	     stack
					      ----	     -----
	current number of blocks	         0	         0
	maximum number of blocks	        23	        22
	current total bytes		         0	         0
	maximum total bytes		   5786896	  49076872
	maximum total K-bytes		      5787	     49077
	maximum total M-bytes		         6	        50


                                NWChem Input Module
                                -------------------





                                     CITATION
                                     --------
                Please cite the following reference when publishing
                           results obtained with NWChem:

                 M. Valiev, E.J. Bylaska, N. Govind, K. Kowalski,
              T.P. Straatsma, H.J.J. van Dam, D. Wang, J. Nieplocha,
                        E. Apra, T.L. Windus, W.A. de Jong
                 "NWChem: a comprehensive and scalable open-source
                  solution for large scale molecular simulations"
                      Comput. Phys. Commun. 181, 1477 (2010)
                           doi:10.1016/j.cpc.2010.04.018

                              AUTHORS & CONTRIBUTORS
                              ----------------------
      E. J. Bylaska, W. A. de Jong, N. Govind, K. Kowalski, T. P. Straatsma,
     M. Valiev, H. J. J. Van Dam, D. Wang, E. Apra, T. L. Windus,   #avail    536870912.000000     
J. Hammond,
     J. Autschbach, P. Nichols, S. Hirata, M. T. Hackler, Y. Zhao, P.-D. Fan,
      R. J. Harrison, M. Dupuis, D. M. A. Smith, J. Nieplocha, V. Tipparaju,
          M. Krishnan, A. Vazquez-Mayagoitia, L. Jensen, M. Swart, Q. Wu,
          T. Van Voorhis, A. A. Auer, M. Nooijen, L. D. Crosby, E. Brown,
             G. Cisneros, G. I. Fann, H. Fruchtl, J. Garza, K. Hirao,
        R. Kendall, J. A. Nichols, K. Tsemekhman, K. Wolinski, J. Anchell,
       D. Bernholdt, P. Borowski, T. Clark, D. Clerc, H. Dachsel, M. Deegan,
        K. Dyall, D. Elwood, E. Glendening, M. Gutowski, A. Hess, J. Jaffe,
        B. Johnson, J. Ju, R. Kobayashi, R. Kutteh, Z. Lin, R. Littlefield,
    X. Long, B. Meng, T. Nakajima, S. Niu, L. Pollack, M. Rosing, G. Sandrone,
       M. Stave, H. Taylor, G. Thomas, J. H. van Lenthe, A. Wong, Z. Zhang.

 Total times  cpu:        1.7s     wall:        1.9s
