 argument  1 = dft_feco5.nw




           Job information
           ---------------

    hostname      = arcen
    program       = /home/d3y133/nwchem-releases/nwchem-6.0-gfortran/bin/LINUX64/nwchem
    date          = Fri Aug  6 13:47:30 2010

    compiled      = Fri_Aug_06_13:42:42_2010
    source        = /home/d3y133/nwchem-releases/nwchem-6.0-gfortran
    nwchem branch = 6.0
    input         = dft_feco5.nw
    prefix        = dft_feco5.
    data base     = ./dft_feco5.db
    status        = startup
    nproc         =        4
    time left     =     -1s



           Memory information
           ------------------

    heap     =   13107201 doubles =    100.0 Mbytes
    stack    =   13107201 doubles =    100.0 Mbytes
    global   =   26214400 doubles =    200.0 Mbytes (distinct from heap & stack)
    total    =   52428802 doubles =    400.0 Mbytes
    verify   = yes
    hardfail = no 


           Directory information
           ---------------------

  0 permanent = .
  0 scratch   = .



 Total times  cpu:       42.8s     wall:       43.9s
