



                                NWChem Input Module
                                -------------------



 Scaling coordinates for geometry "geometry" by  1.889725989
 (inverse scale =  0.529177249)

 D2D symmetry detected


                             Geometry "geometry" -> ""
                             -------------------------

 Output coordinates in angstroms (scale by  1.889725989 to convert to a.u.)

  No.       Tag          Charge          X              Y              Z
 ---- ---------------- ---------- -------------- -------------- --------------
    1 O                    8.0000     0.00000000     0.00000000     1.00000000
    2 H                    1.0000    -0.54002924     0.54002924     1.58496225
    3 H                    1.0000     0.54002924    -0.54002924     1.58496225
    4 O                    8.0000     0.00000000     0.00000000    -1.00000000
    5 H                    1.0000     0.54002924     0.54002924    -1.58496225
    6 H                    1.0000    -0.54002924    -0.54002924    -1.58496225

      Atomic Mass 
      ----------- 

      O                 15.994910
      H                  1.007825


 Effective nuclear repulsion energy (a.u.)      42.1435904691

      Symmetry information
      --------------------

 Group name             D2d       
 Group number             32
 Group order               8
 No. of unique centers     2

      Symmetry unique atoms

     1    2



